
 Start         Length     Name                   Class
 0001:00000000 000492B8H .text                   CODE
 0002:00000000 00000E24H .data                   DATA
 0002:00000E24 0000084DH .bss                    BSS


Detailed map of segments

 0001:00000000 00004E90 C=CODE     S=.text    G=(none)   M=System   ACBP=A9
 0001:00004E90 00000174 C=CODE     S=.text    G=(none)   M=SysInit  ACBP=A9
 0001:00005004 00000A64 C=CODE     S=.text    G=(none)   M=Windows  ACBP=A9
 0001:00005A68 00000038 C=CODE     S=.text    G=(none)   M=Messages ACBP=A9
 0001:00005AA0 000002C8 C=CODE     S=.text    G=(none)   M=SysConst ACBP=A9
 0001:00005D68 000040F0 C=CODE     S=.text    G=(none)   M=SysUtils ACBP=A9
 0001:00009E58 00000040 C=CODE     S=.text    G=(none)   M=ActiveX  ACBP=A9
 0001:00009E98 00000318 C=CODE     S=.text    G=(none)   M=Consts   ACBP=A9
 0001:0000A1B0 00000594 C=CODE     S=.text    G=(none)   M=TypInfo  ACBP=A9
 0001:0000A744 00008337 C=CODE     S=.text    G=(none)   M=Classes  ACBP=A9
 0001:00012A7C 000070BB C=CODE     S=.text    G=(none)   M=Graphics ACBP=A9
 0001:00019B38 000001C4 C=CODE     S=.text    G=(none)   M=Contnrs  ACBP=A9
 0001:00019CFC 00000190 C=CODE     S=.text    G=(none)   M=Commctrl ACBP=A9
 0001:00019E8C 00000793 C=CODE     S=.text    G=(none)   M=MultiMon ACBP=A9
 0001:0001A620 00000038 C=CODE     S=.text    G=(none)   M=Imm      ACBP=A9
 0001:0001A658 00000040 C=CODE     S=.text    G=(none)   M=Math     ACBP=A9
 0001:0001A698 00000038 C=CODE     S=.text    G=(none)   M=WinSpool ACBP=A9
 0001:0001A6D0 00000044 C=CODE     S=.text    G=(none)   M=Printers ACBP=A9
 0001:0001A714 0000031F C=CODE     S=.text    G=(none)   M=FlatSB   ACBP=A9
 0001:0001AA34 00005968 C=CODE     S=.text    G=(none)   M=StdCtrls ACBP=A9
 0001:0002039C 00000094 C=CODE     S=.text    G=(none)   M=Clipbrd  ACBP=A9
 0001:00020430 0000015C C=CODE     S=.text    G=(none)   M=StdActns ACBP=A9
 0001:0002058C 0000F27C C=CODE     S=.text    G=(none)   M=Controls ACBP=A9
 0001:0002F808 00000E28 C=CODE     S=.text    G=(none)   M=ActnList ACBP=A9
 0001:00030630 00001490 C=CODE     S=.text    G=(none)   M=ImgList  ACBP=A9
 0001:00031AC0 000061FB C=CODE     S=.text    G=(none)   M=Menus    ACBP=A9
 0001:00037CBC 0000CD2F C=CODE     S=.text    G=(none)   M=Forms    ACBP=A9
 0001:000449EC 00000038 C=CODE     S=.text    G=(none)   M=ShellAPI ACBP=A9
 0001:00044A24 00000038 C=CODE     S=.text    G=(none)   M=RegStr   ACBP=A9
 0001:00044A5C 00000038 C=CODE     S=.text    G=(none)   M=WinInet  ACBP=A9
 0001:00044A94 00000038 C=CODE     S=.text    G=(none)   M=UrlMon   ACBP=A9
 0001:00044ACC 00000038 C=CODE     S=.text    G=(none)   M=ShlObj   ACBP=A9
 0001:00044B04 00000040 C=CODE     S=.text    G=(none)   M=CommDlg  ACBP=A9
 0001:00044B44 00000038 C=CODE     S=.text    G=(none)   M=ExtCtrls ACBP=A9
 0001:00044B7C 00000038 C=CODE     S=.text    G=(none)   M=Dlgs     ACBP=A9
 0001:00044BB4 000014E5 C=CODE     S=.text    G=(none)   M=Dialogs  ACBP=A9
 0001:0004609C 00000050 C=CODE     S=.text    G=(none)   M=AIOENet  ACBP=A9
 0001:000460EC 00000768 C=CODE     S=.text    G=(none)   M=DetectUnit ACBP=A9
 0001:00046854 00000038 C=CODE     S=.text    G=(none)   M=RichEdit ACBP=A9
 0001:0004688C 00000038 C=CODE     S=.text    G=(none)   M=ToolWin  ACBP=A9
 0001:000468C4 00000038 C=CODE     S=.text    G=(none)   M=ComStrs  ACBP=A9
 0001:000468FC 0000199C C=CODE     S=.text    G=(none)   M=ComCtrls ACBP=A9
 0001:00048298 00000E48 C=CODE     S=.text    G=(none)   M=MainUnit ACBP=A9
 0001:000490E0 000001D5 C=CODE     S=.text    G=(none)   M=UploadTestbed ACBP=A9
 0002:00000000 000000A2 C=DATA     S=.data    G=DGROUP   M=System   ACBP=A9
 0002:000000A4 00000018 C=DATA     S=.data    G=DGROUP   M=SysInit  ACBP=A9
 0002:000000BC 000001F0 C=DATA     S=.data    G=DGROUP   M=SysUtils ACBP=A9
 0002:000002AC 00000010 C=DATA     S=.data    G=DGROUP   M=TypInfo  ACBP=A9
 0002:000002BC 00000084 C=DATA     S=.data    G=DGROUP   M=Classes  ACBP=A9
 0002:00000340 000002B4 C=DATA     S=.data    G=DGROUP   M=Graphics ACBP=A9
 0002:000005F4 00000004 C=DATA     S=.data    G=DGROUP   M=Printers ACBP=A9
 0002:000005F8 00000074 C=DATA     S=.data    G=DGROUP   M=StdCtrls ACBP=A9
 0002:0000066C 0000012C C=DATA     S=.data    G=DGROUP   M=Controls ACBP=A9
 0002:00000798 00000020 C=DATA     S=.data    G=DGROUP   M=ImgList  ACBP=A9
 0002:000007B8 000000EC C=DATA     S=.data    G=DGROUP   M=Menus    ACBP=A9
 0002:000008A4 0000013C C=DATA     S=.data    G=DGROUP   M=Forms    ACBP=A9
 0002:000009E0 000000C8 C=DATA     S=.data    G=DGROUP   M=Dialogs  ACBP=A9
 0002:00000AA8 00000028 C=DATA     S=.data    G=DGROUP   M=ComCtrls ACBP=A9
 0002:00000AD0 00000004 C=DATA     S=.data    G=DGROUP   M=MainUnit ACBP=A9
 0002:00001000 000004CC C=BSS      S=.bss     G=DGROUP   M=System   ACBP=A9
 0002:000014CC 00000018 C=BSS      S=.bss     G=DGROUP   M=SysInit  ACBP=A9
 0002:000014E4 00000004 C=BSS      S=.bss     G=DGROUP   M=Windows  ACBP=A9
 0002:000014E8 00000004 C=BSS      S=.bss     G=DGROUP   M=Messages ACBP=A9
 0002:000014EC 00000004 C=BSS      S=.bss     G=DGROUP   M=SysConst ACBP=A9
 0002:000014F0 00000118 C=BSS      S=.bss     G=DGROUP   M=SysUtils ACBP=A9
 0002:00001608 00000004 C=BSS      S=.bss     G=DGROUP   M=ActiveX  ACBP=A9
 0002:0000160C 00000004 C=BSS      S=.bss     G=DGROUP   M=Consts   ACBP=A9
 0002:00001610 00000004 C=BSS      S=.bss     G=DGROUP   M=TypInfo  ACBP=A9
 0002:00001614 0000003C C=BSS      S=.bss     G=DGROUP   M=Classes  ACBP=A9
 0002:00001650 00000060 C=BSS      S=.bss     G=DGROUP   M=Graphics ACBP=A9
 0002:000016B0 00000004 C=BSS      S=.bss     G=DGROUP   M=Contnrs  ACBP=A9
 0002:000016B4 0000000C C=BSS      S=.bss     G=DGROUP   M=Commctrl ACBP=A9
 0002:000016C0 00000031 C=BSS      S=.bss     G=DGROUP   M=MultiMon ACBP=A9
 0002:000016F4 00000004 C=BSS      S=.bss     G=DGROUP   M=Imm      ACBP=A9
 0002:000016F8 00000004 C=BSS      S=.bss     G=DGROUP   M=Math     ACBP=A9
 0002:000016FC 00000004 C=BSS      S=.bss     G=DGROUP   M=WinSpool ACBP=A9
 0002:00001700 00000004 C=BSS      S=.bss     G=DGROUP   M=Printers ACBP=A9
 0002:00001704 00000034 C=BSS      S=.bss     G=DGROUP   M=FlatSB   ACBP=A9
 0002:00001738 00000004 C=BSS      S=.bss     G=DGROUP   M=StdCtrls ACBP=A9
 0002:0000173C 0000000C C=BSS      S=.bss     G=DGROUP   M=Clipbrd  ACBP=A9
 0002:00001748 00000004 C=BSS      S=.bss     G=DGROUP   M=StdActns ACBP=A9
 0002:0000174C 00000070 C=BSS      S=.bss     G=DGROUP   M=Controls ACBP=A9
 0002:000017BC 00000004 C=BSS      S=.bss     G=DGROUP   M=ActnList ACBP=A9
 0002:000017C0 00000004 C=BSS      S=.bss     G=DGROUP   M=ImgList  ACBP=A9
 0002:000017C4 00000010 C=BSS      S=.bss     G=DGROUP   M=Menus    ACBP=A9
 0002:000017D4 00000024 C=BSS      S=.bss     G=DGROUP   M=Forms    ACBP=A9
 0002:000017F8 00000004 C=BSS      S=.bss     G=DGROUP   M=ShellAPI ACBP=A9
 0002:000017FC 00000004 C=BSS      S=.bss     G=DGROUP   M=RegStr   ACBP=A9
 0002:00001800 00000004 C=BSS      S=.bss     G=DGROUP   M=WinInet  ACBP=A9
 0002:00001804 00000004 C=BSS      S=.bss     G=DGROUP   M=UrlMon   ACBP=A9
 0002:00001808 00000004 C=BSS      S=.bss     G=DGROUP   M=ShlObj   ACBP=A9
 0002:0000180C 00000004 C=BSS      S=.bss     G=DGROUP   M=CommDlg  ACBP=A9
 0002:00001810 00000004 C=BSS      S=.bss     G=DGROUP   M=ExtCtrls ACBP=A9
 0002:00001814 00000004 C=BSS      S=.bss     G=DGROUP   M=Dlgs     ACBP=A9
 0002:00001818 0000000C C=BSS      S=.bss     G=DGROUP   M=Dialogs  ACBP=A9
 0002:00001824 00000004 C=BSS      S=.bss     G=DGROUP   M=AIOENet  ACBP=A9
 0002:00001828 00000004 C=BSS      S=.bss     G=DGROUP   M=DetectUnit ACBP=A9
 0002:0000182C 00000004 C=BSS      S=.bss     G=DGROUP   M=RichEdit ACBP=A9
 0002:00001830 00000004 C=BSS      S=.bss     G=DGROUP   M=ToolWin  ACBP=A9
 0002:00001834 00000004 C=BSS      S=.bss     G=DGROUP   M=ComStrs  ACBP=A9
 0002:00001838 0000000C C=BSS      S=.bss     G=DGROUP   M=ComCtrls ACBP=A9
 0002:00001844 00000008 C=BSS      S=.bss     G=DGROUP   M=MainUnit ACBP=A9


  Address         Publics by Name

 0001:0000432C       .
 0001:000093D0       .
 0002:00000060       .
 0001:0000460C       .
 0002:00001818       .01
 0002:00001748       .02
 0002:00001800       .1
 0002:000016E0       .1
 0002:00001724       .1
 0002:00001804       .1
 0002:000017FC       .1
 0002:000016B4       .1
 0002:000017F8       .1
 0002:00001808       .1
 0002:0000182C       .1
 0002:0000160C       .1
 0002:000014DC       .1
 0002:00001814       .1
 0002:00001824       .1
 0002:000016F4       .1
 0002:000014E8       .1
 0002:00001834       .1
 0002:0000180C       .1
 0002:000014EC       .1
 0002:000016F8       .2
 0002:00001848       .2
 0002:00001740       .2
 0002:00001754       .22
 0002:00001738       .22
 0002:00001700       .3
 0002:000017C0       .3
 0002:00001828       .3
 0002:00001608       .3
 0002:000016FC       .3
 0002:00001428       .3
 0002:000014E4       .3
 0002:00001830       .4
 0002:000015F8       .44
 0002:00001838       .45
 0002:00001610       .5
 0002:000017DC       .51
 0002:00001810       .61
 0002:000017BC       .7
 0002:00001654       .81
 0002:0000161C       .84
 0002:000017CC       .9
 0002:000016B0       .9
 0001:00001840       @AbstractError
 0001:00001FA8       @AfterConstruction
 0001:00004655       @Append
 0001:00001DF8       @AsClass
 0001:0000452E       @Assign
 0001:00001910       @AStrCmp
 0001:00001FB0       @BeforeDestruction
 0001:00001E44       @CallDynaInst
 0001:00001F50       @ClassCreate
 0001:00001FA0       @ClassDestroy
 0001:000045D0       @Close
 0001:000033F8       @CopyArray
 0001:000032DC       @CopyRecord
 0001:00002418       @DoneExcept
 0001:00003C5C       @DynArrayAsg
 0001:00003C20       @DynArrayClear
 0001:00003A60       @DynArrayHigh
 0001:00003A58       @DynArrayLength
 0001:00003C14       @DynArraySetLength
 0001:0000250C       @ExceptionHandler
 0001:00001980       @FillChar
 0001:000032D0       @Finalize
 0001:000031E8       @FinalizeArray
 0001:000031BC       @FinalizeRecord
 0001:000045A9       @Flush
 0001:00001BA4       @FpuInit
 0001:00001AE0       @FpuMaskInit
 0001:000016F4       @FreeMem
 0001:000016DC       @GetMem
 0001:00004F08       @GetTls
 0001:000028C0       @Halt
 0001:000027A0       @Halt0
 0001:000020BC       @HandleAnyException
 0001:00002370       @HandleFinally
 0001:000021E8       @HandleOnException
 0001:00004F98       @InitExe
 0001:000031B0       @Initialize
 0001:0000311C       @InitializeArray
 0001:000030F0       @InitializeRecord
 0001:000026FC       @InitImports
 0001:000026E0       @InitResStringImports
 0001:00004288       @IntfAddRef
 0001:00004254       @IntfClear
 0001:0000426C       @IntfCopy
 0001:00001DE0       @IsClass
 0001:00001AB0       @isNECWindows
 0001:00002D90       @LStrAddRef
 0001:00002980       @LStrArrayClr
 0001:000029B0       @LStrAsg
 0001:00002BE4       @LStrCat
 0001:00002C28       @LStrCat3
 0001:00002C9C       @LStrCatN
 0001:0000295C       @LStrClr
 0001:00002CEC       @LStrCmp
 0001:00002DE4       @LStrCopy
 0001:00002E24       @LStrDelete
 0001:00002B8C       @LStrFromArray
 0001:00002B04       @LStrFromChar
 0001:00002B14       @LStrFromPChar
 0001:00002A44       @LStrFromPCharLen
 0001:00002B44       @LStrFromPWChar
 0001:00002A74       @LStrFromPWCharLen
 0001:00002B80       @LStrFromString
 0001:00002BA4       @LStrFromWStr
 0001:00002E6C       @LStrInsert
 0001:000029F4       @LStrLAsg
 0001:00002BDC       @LStrLen
 0001:00002F2C       @LStrOfChar
 0001:00002EC8       @LStrSetLength
 0001:00002DA0       @LStrToPChar
 0001:00002BB8       @LStrToString
 0001:00002A20       @NewAnsiString
 0001:00003094       @NewWideString
 0001:000047D4       @Pow10
 0001:0000188C       @PStrCmp
 0001:0000185C       @PStrNCpy
 0001:000023C4       @RaiseAgain
 0001:000023A8       @RaiseExcept
 0001:0000170C       @ReallocMem
 0001:00004647       @ResetText
 0001:0000464E       @RewritText
 0001:00001834       @ROUND
 0001:000028CC       @RunError
 0001:000026B0       @StartExe
 0001:00002448       @TryFinallyExit
 0001:000019A0       @ValLong
 0001:00003A34       @VarAddRef
 0001:00003888       @VarCast
 0001:00003630       @VarClear
 0001:00003A2C       @VarClr
 0001:00003674       @VarCopy
 0001:000039B8       @VarFromLStr
 0001:000039F8       @VarFromWStr
 0001:0000397C       @VarToLStr
 0001:0000473B       @Write0Char
 0001:000047A4       @Write0CString
 0001:00004700       @Write0String
 0001:0000465C       @WriteBytes
 0001:0000478D       @WriteChar
 0001:000047A8       @WriteCString
 0001:00004727       @WriteLn
 0001:000046C7       @WriteSpaces
 0001:0000470A       @WriteString
 0001:00002F88       @WStrArrayClr
 0001:00002FAC       @WStrAsg
 0001:00002F70       @WStrClr
 0001:00003078       @WStrFromLStr
 0001:00002FD0       @WStrFromPCharLen
 0001:00003054       @WStrFromPWCharLen
 0001:00003088       @WStrLen
 0001:000030AC       @WStrSetLength
 0001:00001A84       @_CLenToPasStr
 0001:00001A6C       @_CToPasStr
 0001:00004584       @_Flush
 0001:000017AC       @_IOTest
 0001:00004AEE       @_lldiv
 0001:00004B66       @_lldivo
 0001:00004BE1       @_llmod
 0001:00004C5B       @_llmodo
 0001:00004AA8       @_llmul
 0001:00004ACB       @_llmulo
 0001:00004CDB       @_llshl
 0001:00004B98       @_lludiv
 0001:00004C8D       @_llumod
 0001:00004D13       @_llushr
 0001:00022A3C       AbsMin
 0001:00008214       AbstractErrorHandler
 0002:00001018       AbstractErrorProc
 0002:00000100       AccessMode
 0001:000053AC       ActivateKeyboardLayout
 0002:0000177C       ActiveDrag
 0001:00009E90       ActiveX
 0001:00030628       ActnList
 0001:00000414       AddBlockAfter
 0001:00006924       AddExitProc
 0001:0000EF48       AddFinished
 0001:000335C8       AddIn
 0001:000040A0       AddModuleUnloadProc
 0001:00004090       AddModuleUnloadProc
 0001:0000EF80       AddNotFinished
 0001:00011708       AddThread
 0001:0001600C       AdjustColor
 0001:0003B3E0       Adjustment
 0001:000053B4       AdjustWindowRectEx
 0001:000460E4       AIOENet
 0002:00000600       Alignments
 0002:0000088C       Alignments
 0002:0000087C       Alignments
 0001:00027970       AlignWork
 0001:00042030       AlignWork
 0001:0003AE0C       AllocateHWnd
 0001:00011680       AllocateWindow
 0001:00045868       AllocFilterStr
 0001:000068D8       AllocMem
 0002:00001420       AllocMemCount
 0002:00001424       AllocMemSize
 0001:00019930       AllocPatternBitmap
 0002:00000674       AnchorAlign
 0001:00006A30       AnsiCompareText
 0001:00006CEC       AnsiLastChar
 0001:000053BC       AnsiLower
 0001:00008868       AnsiPos
 0001:00037AF0       AnsiSameCaption
 0001:00006A68       AnsiSameText
 0001:00006AA4       AnsiStrLIComp
 0001:000088A0       AnsiStrPos
 0001:00008940       AnsiStrRScan
 0001:00008968       AnsiStrScan
 0001:00003710       AnyChangeType
 0002:000017D4       Application
 0002:000009D8       AppVisible
 0001:000081F8       AssertErrorHandler
 0002:00001014       AssertErrorProc
 0001:0000A460       AssignLongStr
 0001:0000A624       AssignVariant
 0001:0000A4B4       AssignWideStr
 0002:00001474       avail
 0001:00006E20       BackfillGetDiskFreeSpaceEx
 0001:0002533C       BackgroundClipped
 0001:0000C238       BeginGlobalLoading
 0001:000053C4       BeginPaint
 0001:00002910       BeginThread
 0001:00016018       BetterSize
 0001:00034358       BiDiDraw
 0001:000051F4       BitBlt
 0002:000005A8       BitmapCanvasList
 0002:0000166C       BitmapImageLock
 0002:000008C0       BlockCode
 0002:0000144C       blockDescBlockList
 0002:00001450       blockDescFreeList
 0002:000002AC       BooleanIdents
 0002:000005F8       BorderStyles
 0002:00000930       BorderStyles
 0001:0000BBC8       Bounds
 0002:00000824       Breaks
 0002:000016A4       BrushManager
 0001:000368DC       BuildImage
 0002:00000A7C       ButtonCaptions
 0002:00000A50       ButtonNames
 0002:000008A0       Buttons
 0002:00000664       ButtonStyles
 0001:000157F8       BytesPerScanline
 0001:00015B50       ByteSwapColors
 0001:000087B4       ByteType
 0001:0000873C       ByteTypeTest
 0002:000002B8       C10000
 0001:0003AD48       CalcJmpOffset
 0001:0002EC60       CalcSplitterPos
 0001:000053CC       CallNextHookEx
 0001:00008E80       CallTerminateProcs
 0001:000053D4       CallWindowProc
 0001:000239B4       CancelDrag
 0002:0000178C       CanvasList
 0002:000016A8       CanvasList
 0002:00000A3C       Captions
 0002:0000072C       CaptureControl
 0002:000007C4       cBooleanToItemAutoFlag
 0001:000451B0       CenterWindow
 0002:0000173E       CF_COMPONENT
 0002:0000173C       CF_PICTURE
 0002:000013E8       ChangeAnyProc
 0001:000220E8       ChangeBiDiModeAlignment
 0001:0000377C       ChangeSourceAny
 0002:00000650       CharCases
 0002:00000620       CharCases
 0001:00000238       CharNext
 0001:00014084       CharsetToIdent
 0001:000165C8       CheckBool
 0001:00002038       CheckJmp
 0001:000053DC       CheckMenuItem
 0002:00000814       Checks
 0001:0003AC58       CheckTaskWindow
 0001:000236E4       CheckUndock
 0002:000007C8       cItemAutoFlagToBoolean
 0002:000007C0       cItemAutoFlagToMenu
 0002:00001624       ClassAliasList
 0001:00012A08       Classes
 0002:00001620       ClassList
 0001:0000BBF0       ClassNotFound
 0002:000013E4       ClearAnyProc
 0001:000139FC       ClearColor
 0001:000053E4       ClientToScreen
 0001:0002C6C8       ClientToWindow
 0002:000005A0       ClipboardFormats
 0001:000203D8       Clipbrd
 0001:000463C8       CloseAndInvalidateHandle
 0001:000001D8       CloseHandle
 0001:0000501C       CloseHandle
 0002:0000102C       CmdLine
 0002:00001028       CmdShow
 0002:000007BC       cMenuAutoFlagToItem
 0002:00000370       Colors
 0001:00013E7C       ColorToIdent
 0001:00013E6C       ColorToRGB
 0002:0000063C       ComboBoxStyles
 0002:000016B8       ComCtl32DLL
 0001:00048290       ComCtrls
 0002:000017D0       CommandPool
 0001:00019E84       Commctrl
 0001:00044B3C       CommDlg
 0001:000006F4       Commit
 0002:00001490       committedRoot
 0001:00032C38       CompareFront
 0001:00006998       CompareMem
 0001:00005024       CompareString
 0001:000069B8       CompareText
 0001:0000F904       ComponentCreated
 0001:000468F4       ComStrs
 0001:000460A4       Connect
 0001:0000A1A8       Consts
 0001:00019CF4       Contnrs
 0002:0000175A       ControlAtom
 0001:0002F7E4       Controls
 0001:00007CB4       ConvertAddr
 0001:00006878       ConvertErrorFmt
 0001:00003A68       CopyArray
 0001:0001709C       CopyBitmap
 0001:0001775C       CopyBitmapAsMask
 0001:000176F8       CopyPalette
 0001:00035A78       CopyToBest
 0002:00001684       CounterLock
 0002:00000AD0       CR
 0001:0000813C       CreateAssertException
 0001:000082D4       CreateAVObject
 0001:000051FC       CreateBitmap
 0001:00005204       CreateBrushIndirect
 0001:0000520C       CreateCompatibleBitmap
 0001:00005214       CreateCompatibleDC
 0001:0000F984       CreateComponent
 0001:00005224       CreateDIBitmap
 0001:0000521C       CreateDIBSection
 0001:0000502C       CreateEvent
 0001:00005034       CreateFile
 0001:000001E0       CreateFileA
 0001:0000522C       CreateFontIndirect
 0001:00005234       CreateHalftonePalette
 0001:000053EC       CreateIcon
 0001:00008078       CreateInOutError
 0001:000053F4       CreateMenu
 0001:0000503C       CreateMutex
 0001:0000523C       CreatePalette
 0001:00005244       CreatePenIndirect
 0001:000053FC       CreatePopupMenu
 0001:0000524C       CreateSolidBrush
 0001:00015BA8       CreateSystemPalette
 0001:00000240       CreateThread
 0001:00005044       CreateThread
 0001:00005904       CreateWindow
 0001:00005404       CreateWindowEx
 0002:0000066C       CreationControl
 0002:000009E4       CreationControl
 0002:00000768       Ctl3DStyles
 0002:00001488       curAlloc
 0002:000014F8       CurrencyDecimals
 0002:000014F4       CurrencyFormat
 0002:000014F0       CurrencyString
 0002:0000095C       CursorMap
 0002:0000067C       Cursors
 0001:00022394       CursorToIdent
 0002:000014F9       DateSeparator
 0002:0000036C       DDBsOnly
 0001:0003AEC0       DeallocateHWnd
 0002:00000008       DebugHook
 0001:000487C0       Deb_SendReceiveDI
 0002:000014F7       DecimalSeparator
 0001:00000788       Decommit
 0001:00000DA4       DecommitFree
 0002:00001464       decommittedRoot
 0001:00042ADC       Default
 0001:0003DB34       Default
 0002:00000000       Default8087CW
 0002:00000670       DefaultDockTreeClass
 0002:00000570       DefBrushData
 0002:00000340       DefFontData
 0001:0000540C       DefFrameProc
 0002:000001A4       DefLongDayNames
 0002:00000158       DefLongMonthNames
 0001:00005414       DefMDIChildProc
 0002:00000550       DefPenData
 0002:00000188       DefShortDayNames
 0002:00000128       DefShortMonthNames
 0001:0000541C       DefWindowProc
 0001:00000444       DeleteBlock
 0001:0000504C       DeleteCriticalSection
 0001:000003B4       DeleteCriticalSection
 0001:00005254       DeleteDC
 0001:00000BEC       DeleteFree
 0001:00005424       DeleteMenu
 0001:0000525C       DeleteObject
 0001:00016C58       DeselectBitmap
 0001:0000542C       DestroyCursor
 0001:00005434       DestroyIcon
 0001:0000543C       DestroyMenu
 0001:00005444       DestroyWindow
 0001:0004684C       DetectUnit
 0001:00045248       DialogHook
 0001:00046080       Dialogs
 0002:000005AC       DIBPalSizes
 0002:00000050       dig
 0001:0003AAAC       DisableTaskWindows
 0001:000460AC       Disconnect
 0001:0000544C       DispatchMessage
 0001:00040E88       DispatchShortCut
 0001:00044BAC       Dlgs
 0001:0002781C       DoAlign
 0001:00041EE4       DoAlign
 0001:0002B698       DoCalcConstraints
 0002:00001784       DockSiteList
 0001:00036608       DoClick
 0001:00028CE8       DoControlMsg
 0001:0003AA5C       DoDisableWindow
 0001:00023008       DoDragOver
 0001:000068F8       DoExitProc
 0001:0002D1C0       DoFindControlZone
 0001:0003AB98       DoFindWindow
 0001:0002D724       DoFindZone
 0001:0002D244       DoForEach
 0001:0002EAB8       DoGetNextLimit
 0001:0003AA24       DoneApplication
 0001:0002F610       DoneControls
 0001:00008678       DoneExceptions
 0001:0003F368       DoNestedActivation
 0001:00041D34       DoPosition
 0001:00027480       DoPosition
 0001:0002E138       DoPrune
 0001:0002E5E8       DoSaveZone
 0001:0002E7EC       DoSetNewBounds
 0001:00048DD8       DoTransfer
 0002:000002B4       DotSep
 0001:00016820       DoWrite
 0001:0000D6C8       DoWrite
 0001:000261CC       DoWrite
 0001:0003154C       DoWrite
 0002:00001768       DragCapture
 0002:0000175C       DragControl
 0001:00023754       DragDone
 0001:00022FB8       DragFindTarget
 0001:00022F8C       DragFindWindow
 0002:00001764       DragFreeObject
 0002:00001780       DragImageList
 0001:000233AC       DragInit
 0001:0002351C       DragInitControl
 0001:00022F10       DragMessage
 0002:00001760       DragObject
 0002:00001774       DragSaveCursor
 0002:0000176C       DragStartPos
 0002:00001778       DragThreshold
 0001:000230D8       DragTo
 0001:00042B18       DrawAppIcon
 0001:0002DC9C       DrawCloseButton
 0001:00005454       DrawEdge
 0001:0000545C       DrawFocusRect
 0001:00005464       DrawFrameControl
 0001:0002DCF4       DrawGrabberLine
 0001:0000546C       DrawIcon
 0001:00005474       DrawIconEx
 0002:000007A0       DrawingStyles
 0001:0000547C       DrawMenuBar
 0001:00037900       DrawMenuItem
 0001:00005484       DrawText
 0001:00048710       DumpFileToString
 0001:00015678       DupBits
 0001:00003A80       DynArrayClear
 0001:00003A88       DynArraySetLength
 0002:00000884       EdgeStyle
 0002:00000758       EdgeStyles
 0001:0000804C       EHeapException.FreeInstance
 0002:00001410       EmptyParam
 0002:000000BC       EmptyStr
 0001:0000548C       EnableMenuItem
 0002:0000081C       Enables
 0001:00005494       EnableScrollBar
 0001:0003AB60       EnableTaskWindows
 0001:0000549C       EnableWindow
 0001:0000C2C8       EndGlobalLoading
 0001:000054A4       EndPaint
 0001:00002954       EndThread
 0001:00005054       EnterCriticalSection
 0001:000003A4       EnterCriticalSection
 0001:0000505C       EnumCalendarInfoA
 0002:000016DC       EnumDisplayMonitors
 0001:00007900       EnumEraNames
 0001:0000793C       EnumEraYearOffsets
 0001:0003DFB4       EnumMonitorsProc
 0001:000054AC       EnumThreadWindows
 0001:0000F2E4       EnumValue
 0001:000054B4       EnumWindows
 0001:000054BC       EqualRect
 0002:000015BC       EraNames
 0002:000015D8       EraYearOffsets
 0002:00000048       errCaption
 0001:0000EBCC       Error
 0001:00001768       Error
 0001:00032988       Error
 0002:0000103C       ErrorAddr
 0001:000080F8       ErrorHandler
 0002:000001C0       ErrorMap
 0002:00001004       ErrorProc
 0001:00007C9C       ExceptAddr
 0002:00001008       ExceptClsProc
 0001:0000859C       ExceptHandler
 0001:00007EC0       Exception.Create
 0001:00007EFC       Exception.CreateFmt
 0001:00007F7C       Exception.CreateRes
 0001:00007FB8       Exception.CreateResFmt
 0002:00001010       ExceptionClass
 0001:00007CC0       ExceptionErrorMessage
 0002:000001F8       ExceptMap
 0001:00007C84       ExceptObject
 0002:0000100C       ExceptObjProc
 0002:00001000       ExceptProc
 0001:00005264       ExcludeClipRect
 0002:00001034       ExitCode
 0001:0000276C       ExitDll
 0002:00001038       ExitProc
 0001:00000250       ExitProcess
 0002:000000FC       ExitProcList
 0001:00000248       ExitThread
 0001:00045514       ExplorerHook
 0001:00044B74       ExtCtrls
 0001:00006DD8       ExtractFileExt
 0001:00006DA0       ExtractFileName
 0001:00045AE4       ExtractFileName
 0001:00045B2C       ExtractFileNames
 0001:00006D6C       ExtractFilePath
 0001:0000526C       ExtTextOut
 0002:00001744       FClipboard
 0001:00006CE4       FileClose
 0001:00006C5C       FileCreate
 0002:000005A4       FileFormats
 0002:00001046       FileMode
 0001:00006C1C       FileOpen
 0001:00006C80       FileRead
 0002:000002BC       FilerSignature
 0001:00006CD8       FileSeek
 0001:00006CAC       FileWrite
 0001:00000CD4       FillAfterGap
 0001:00000C80       FillBeforeGap
 0001:00000D6C       FillerSizeAfterGap
 0001:00000CFC       FillerSizeBeforeGap
 0001:000054C4       FillRect
 0001:00044978       Finalization
 0001:00044B7C       Finalization
 0001:00009C98       Finalization
 0001:00009E60       Finalization
 0001:0004681C       Finalization
 0001:0000A178       Finalization
 0001:0001A660       Finalization
 0001:00046854       Finalization
 0001:0001A620       Finalization
 0001:00004D30       Finalization
 0001:00005A68       Finalization
 0001:00012950       Finalization
 0001:0004688C       Finalization
 0001:000468C4       Finalization
 0001:0001A5E0       Finalization
 0001:0000A6EC       Finalization
 0001:00031A88       Finalization
 0001:00020554       Finalization
 0001:00044A24       Finalization
 0001:0002039C       Finalization
 0001:00019E54       Finalization
 0001:00020364       Finalization
 0001:00019CC4       Finalization
 0001:00044A5C       Finalization
 0001:000305F8       Finalization
 0001:00005D30       Finalization
 0001:00004FCC       Finalization
 0001:0001A6D0       Finalization
 0001:000490E0       Finalization
 0001:00044B0C       Finalization
 0001:00037BEC       Finalization
 0001:000490A8       Finalization
 0001:000460B4       Finalization
 0001:00019968       Finalization
 0001:00048218       Finalization
 0001:00044ACC       Finalization
 0001:00044A94       Finalization
 0001:0002F790       Finalization
 0001:0001A9F4       Finalization
 0001:0001A698       Finalization
 0001:00005A30       Finalization
 0001:00044B44       Finalization
 0001:000449EC       Finalization
 0001:00046024       Finalization
 0001:00003A78       FinalizeArray
 0001:0003641C       Find
 0001:00003CD8       FindBS
 0001:0000BD0C       FindClass
 0001:00003CAC       FindClassHInstance
 0001:00000260       FindClose
 0001:00000C50       FindCommitted
 0001:000221B4       FindControl
 0001:0002D92C       FindControlAtPos
 0001:00023A00       FindDragTarget
 0001:0000FB34       FindExistingComponent
 0001:00000268       FindFirstFile
 0001:0003ACA4       FindGlobalComponent
 0002:00001618       FindGlobalComponent
 0001:00003C84       FindHInstance
 0001:0000C0AC       FindIdentToInt
 0002:00001820       FindMsg
 0001:0000EE80       FindNestedComponent
 0001:00032950       FindPopupControl
 0001:00005064       FindResource
 0001:00003CB4       FindResourceHInstance
 0001:00044328       FindScanline
 0001:0003ABFC       FindTopMostWindow
 0001:00010A04       FindUniqueName
 0001:000239CC       FindVCLWindow
 0001:000054CC       FindWindow
 0001:000025F0       FInitUnits
 0001:00017050       FixupBitFields
 0002:00000894       Flags
 0002:00001604       FLanguages
 0001:0001AA24       FlatSB
 0002:00001704       FlatSB_EnableScrollBar
 0002:00001710       FlatSB_GetScrollInfo
 0002:00001714       FlatSB_GetScrollPos
 0002:0000170C       FlatSB_GetScrollRange
 0002:0000171C       FlatSB_SetScrollInfo
 0002:00001718       FlatSB_SetScrollPos
 0001:0001A714       FlatSB_SetScrollProp
 0002:00001720       FlatSB_SetScrollRange
 0002:00001708       FlatSB_ShowScrollBar
 0001:00009995       FloatToDecimal
 0001:000093F2       FloatToText
 0001:000096C2       FloatToTextFmt
 0001:00007618       FmtStr
 0002:000008AC       FocusCount
 0002:000008A8       FocusMessages
 0002:000004C0       FontCharsets
 0002:0000169C       FontManager
 0002:000009E0       ForceCurrentDirectory
 0001:0003AC78       ForegroundTask
 0001:00007604       Format
 0001:000071A4       FormatBuf
 0001:00007198       FormatClearStr
 0001:0000712C       FormatError
 0002:00000120       FormatErrorStrs
 0001:0000506C       FormatMessage
 0001:00007184       FormatVarToStr
 0001:000449CC       Forms
 0001:000047D4       FPower10
 0002:000005F4       FPrinter
 0001:000054D4       FrameRect
 0001:0000906C       FreeAndNil
 0001:000009BC       FreeCommitted
 0001:00000EC4       FreeCurAlloc
 0001:00023AC0       FreeDeviceContext
 0001:00023B7C       FreeDeviceContexts
 0001:000128DC       FreeIntConstList
 0001:00000270       FreeLibrary
 0001:00005074       FreeLibrary
 0001:00016BAC       FreeMemoryContexts
 0001:0003ADE8       FreeObjectInstance
 0001:0000507C       FreeResource
 0001:0000063C       FreeSpace
 0001:00008E9C       FreeTerminateProcs
 0001:00011568       FreeThreadWindow
 0002:00001840       FRichEditModule
 0001:00015668       GDICheck
 0001:000155C0       GDIError
 0001:000054DC       GetActiveWindow
 0001:000423B8       GetAnimation
 0001:00005274       GetBitmapBits
 0001:000003BC       GetBlockDesc
 0001:0000527C       GetBrushOrgEx
 0001:000054E4       GetCapture
 0001:0002243C       GetCaptureControl
 0001:0000BC5C       GetClass
 0001:000054EC       GetClassInfo
 0001:000054F4       GetClientRect
 0001:00005284       GetClipBox
 0001:00000358       GetCmdShow
 0001:0003079C       GetColor
 0001:00000278       GetCommandLine
 0001:00000808       GetCommitted
 0001:00000898       GetCommittedAt
 0001:0002882C       GetControlAtPos
 0001:00005084       GetCPInfo
 0001:00006E94       GetCurrentDir
 0001:0000508C       GetCurrentDirectory
 0001:0000528C       GetCurrentPositionEx
 0001:00005094       GetCurrentProcessId
 0001:0000509C       GetCurrentThreadId
 0001:00004324       GetCurrentThreadId
 0001:00005880       GetCurrentTime
 0001:000054FC       GetCursor
 0001:00044338       GetCursorHeightMargin
 0001:00005504       GetCursorPos
 0001:0000550C       GetDC
 0001:00005514       GetDCEx
 0001:00005294       GetDCOrgEx
 0001:00019574       GetDefFontCharSet
 0001:0000D384       GetDesigner
 0001:0000551C       GetDesktopWindow
 0001:000052AC       GetDeviceCaps
 0001:000165B0       GetDIB
 0001:0000529C       GetDIBColorTable
 0001:000052A4       GetDIBits
 0001:000164F8       GetDIBSizes
 0001:000157D8       GetDInColors
 0001:000050A4       GetDiskFreeSpaceA
 0002:000000F8       GetDiskFreeSpaceEx
 0001:00005524       GetDlgItem
 0001:0002EB78       GetDockAlign
 0001:00022D64       GetDockSiteAtPos
 0001:00023044       GetDropCtl
 0001:00001E14       GetDynaMethod
 0001:0000A1E8       GetEnumNameValue
 0001:0000A234       GetEnumValue
 0001:000079B4       GetEraNamesAndYearOffsets
 0001:000082C0       GetExceptionClass
 0001:000084A0       GetExceptionObject
 0001:000050AC       GetExitCodeThread
 0001:0000BD2C       GetFieldClass
 0001:0000BBE4       GetFieldClassTable
 0001:000001F0       GetFileSize
 0001:000001E8       GetFileType
 0001:0000552C       GetFocus
 0001:000140A4       GetFontData
 0001:00005534       GetForegroundWindow
 0001:00008A60       GetFormatSettings
 0001:000136F8       GetHashCode
 0001:000421A4       GetHint
 0001:000421D4       GetHintControl
 0001:00037A8C       GetHotkey
 0001:0000553C       GetIconInfo
 0001:00005554       GetKeyboardLayout
 0001:0000555C       GetKeyboardLayoutList
 0001:00005564       GetKeyboardState
 0001:00001AA8       GetKeyboardType
 0001:00005544       GetKeyNameText
 0001:0000554C       GetKeyState
 0001:0000556C       GetLastActivePopup
 0001:00000280       GetLastError
 0001:000050B4       GetLastError
 0001:00007778       GetLocaleChar
 0001:00000288       GetLocaleInfo
 0001:000050BC       GetLocaleInfo
 0001:0000772C       GetLocaleStr
 0001:000223F8       GetLongHint
 0001:00005574       GetMenu
 0001:0003FCD4       GetMenuHelpContext
 0001:0000557C       GetMenuItemCount
 0001:00005584       GetMenuItemID
 0001:0000558C       GetMenuItemInfo
 0001:00034D48       GetMenuSize
 0001:00005594       GetMenuState
 0001:0000559C       GetMenuString
 0001:00004E90       GetModuleFileName
 0001:000050C4       GetModuleFileName
 0001:00000290       GetModuleFileName
 0001:00000298       GetModuleHandle
 0001:000050CC       GetModuleHandle
 0001:00004E98       GetModuleHandle
 0002:000016D8       GetMonitorInfo
 0002:000016D0       GetMonitorInfoA
 0002:000016D4       GetMonitorInfoW
 0001:000077DC       GetMonthDayNames
 0001:000055A4       GetNextWindow
 0001:000052B4       GetObject
 0001:00044B04       GetOpenFileName
 0001:0000A308       GetOrdProp
 0001:000052BC       GetPaletteEntries
 0001:000055AC       GetParent
 0001:0003B034       GetParentForm
 0001:000052C4       GetPixel
 0001:000050D4       GetProcAddress
 0001:000002A0       GetProcAddress
 0001:000055B4       GetProp
 0001:0000A248       GetPropInfo
 0001:0000A2B4       GetPropInfos
 0001:0003B4F4       GetRealScrollPosition
 0001:0003077C       GetRGBColor
 0001:000055BC       GetScrollInfo
 0001:000055C4       GetScrollPos
 0001:000055CC       GetScrollRange
 0001:000223B4       GetShortHint
 0001:00000560       GetSpace
 0001:000005C4       GetSpaceAt
 0001:000329E0       GetSpecialName
 0001:000002A8       GetStartupInfo
 0001:000001F8       GetStdHandle
 0001:000052CC       GetStockObject
 0001:000055D4       GetSubMenu
 0001:000055DC       GetSysColor
 0001:000050DC       GetSystemInfo
 0001:000055E4       GetSystemMenu
 0002:000016C0       GetSystemMetrics
 0001:000055EC       GetSystemMetrics
 0001:000052D4       GetSystemPaletteEntries
 0001:000052DC       GetTextExtentPoint32
 0001:000052E4       GetTextMetrics
 0001:000050E4       GetThreadLocale
 0001:000002B0       GetThreadLocale
 0001:000050EC       GetTickCount
 0001:000428C8       GetTopMostWindows
 0001:00022544       GetTopParent
 0001:000055F4       GetTopWindow
 0001:0000A1DC       GetTypeData
 0001:000050F4       GetVersion
 0001:000050FC       GetVersionEx
 0001:000055FC       GetWindow
 0001:00005604       GetWindowDC
 0001:0000560C       GetWindowLong
 0001:000052EC       GetWindowOrgEx
 0001:00005614       GetWindowPlacement
 0001:0000561C       GetWindowRect
 0001:00005624       GetWindowText
 0001:0000562C       GetWindowThreadProcessId
 0001:00005104       GlobalAddAtom
 0001:0000510C       GlobalAlloc
 0001:0000588C       GlobalAllocPtr
 0001:00005114       GlobalDeleteAtom
 0002:0000162C       GlobalFixupList
 0001:0000EFC8       GlobalFixupReferences
 0001:0000511C       GlobalFree
 0001:000058B8       GlobalFreePtr
 0001:0000512C       GlobalHandle
 0001:00005124       GlobalLock
 0002:00001614       GlobalNameSpace
 0001:00005134       GlobalReAlloc
 0001:0000589C       GlobalReAllocPtr
 0001:0000513C       GlobalUnlock
 0001:00019A3C       Graphics
 0002:00000AC0       GripStyles
 0001:000101FC       HandleException
 0001:0001D7DC       HasPopup
 0002:00000004       HeapAllocFlags
 0002:00001430       heapErrorCode
 0002:00001434       heapLock
 0002:0000181C       HelpMsg
 0002:000000F4       HexDisplayPrefix
 0002:0000062C       HideSelections
 0002:000014D8       HInstance
 0002:000017EC       HintDoneEvent
 0001:000422A4       HintGetMsgHook
 0002:000017F0       HintHook
 0001:00042248       HintMouseThread
 0002:000017F4       HintThread
 0002:000017E8       HintThreadID
 0001:000421F4       HintTimerProc
 0002:000008A4       HintWindowClass
 0001:000422E8       HookHintHooks
 0001:00005938       HwndMSWheel
 0002:00000838       IBreaks
 0002:00000844       IChecks
 0002:0000084C       IDefaults
 0001:00014094       IdentToCharset
 0001:00013E8C       IdentToColor
 0001:000223A4       IdentToCursor
 0001:0000C130       IdentToInt
 0002:00000854       IEnables
 0001:00035A48       IfHotkeyAvailable
 0001:00019DB0       ImageList_Add
 0001:00019DD0       ImageList_AddIcon
 0001:00019DF4       ImageList_BeginDrag
 0001:00019D98       ImageList_Create
 0001:00019DA0       ImageList_Destroy
 0001:00019E04       ImageList_DragEnter
 0001:00019E0C       ImageList_DragLeave
 0001:00019E14       ImageList_DragMove
 0001:00019E24       ImageList_DragShowNolock
 0001:00019DDC       ImageList_Draw
 0001:00019DE4       ImageList_DrawEx
 0001:00019DFC       ImageList_EndDrag
 0001:00019DC8       ImageList_GetBkColor
 0001:00019E2C       ImageList_GetDragImage
 0001:00019E44       ImageList_GetIconSize
 0001:00019DA8       ImageList_GetImageCount
 0001:00019E34       ImageList_Read
 0001:00019DEC       ImageList_Remove
 0001:00019DB8       ImageList_ReplaceIcon
 0001:00019DC0       ImageList_SetBkColor
 0001:00019E1C       ImageList_SetDragCursorImage
 0001:00019E4C       ImageList_SetIconSize
 0001:00019E3C       ImageList_Write
 0002:000007B0       Images
 0001:00031AB8       ImgList
 0001:0001A650       Imm
 0002:0000078C       IMM32DLL
 0001:0002F5FC       Imm32IsIME
 0001:00005634       InflateRect
 0001:00000A48       InitAllocator
 0001:00019E8C       InitAnApi
 0002:000016E8       InitApis
 0001:00019D04       InitComCtl
 0001:000473F0       InitCommonControl
 0001:00019CFC       InitCommonControls
 0001:00019D64       InitCommonControlsEx
 0001:0000C33C       InitComponent
 0002:000014A0       InitContext
 0001:0002F684       InitControls
 0001:0003AD24       InitCtl3D
 0001:000195B8       InitDefFontData
 0001:00008EBC       InitDriveSpacePtr
 0001:000085AC       InitExceptions
 0001:0001A770       InitFlatSB
 0001:00045ED0       InitGlobals
 0001:000163B0       InitializeBitmapInfoHeader
 0001:00005144       InitializeCriticalSection
 0001:0000039C       InitializeCriticalSection
 0002:0000142C       initialized
 0001:0001A748       InitializeFlatSB
 0001:00004F4C       InitializeModule
 0001:0002F29C       InitIMM32
 0001:0000C3E4       InitInheritedComponent
 0001:0001A574       InitMultiMonStubs
 0001:000086E4       InitPlatformId
 0002:00001030       InitProc
 0001:0001953C       InitScreenLogPixels
 0001:000089A8       InitSysLocale
 0001:00004EB8       InitThreadTLS
 0001:00002650       InitUnits
 0001:000220FC       InitWndProc
 0002:00000738       InnerStyles
 0002:0000104C       Input
 0001:00041CD4       InsertBefore
 0001:00027420       InsertBefore
 0001:00000E3C       InsertFree
 0001:00035AFC       InsertHotkeyFarEastFormat
 0001:0000563C       InsertMenu
 0001:00005644       InsertMenuItem
 0002:000017E0       InstBlockList
 0002:000017E4       InstFreeList
 0002:00001628       IntConstList
 0001:00000350       InterlockedDecrement
 0001:00000348       InterlockedIncrement
 0001:00013684       InternalDeletePalette
 0001:00000CB0       InternalFreeMem
 0001:00016500       InternalGetDIB
 0001:00016494       InternalGetDIBSizes
 0001:0000C1B4       InternalReadComponentRes
 0001:000052F4       IntersectClipRect
 0001:0000564C       IntersectRect
 0001:00006B8C       IntToHex
 0001:0000C170       IntToIdent
 0001:00006B28       IntToStr
 0001:00006B58       IntToStr
 0001:00005654       InvalidateRect
 0001:00015554       InvalidBitmap
 0001:0001553C       InvalidGraphic
 0001:00015560       InvalidIcon
 0001:00015524       InvalidOperation
 0002:00001600       InvalidPointer
 0001:00001CCC       InvokeImplGetter
 0001:000017DC       IOResult
 0002:00000874       IOwnerDraw
 0002:0000085C       IRadios
 0002:0000086C       IRTL
 0001:0003AFC4       IsAccel
 0001:00036BBC       IsAccelChar
 0001:00022B1C       IsBeforeTargetWindow
 0001:0000565C       IsChild
 0002:00001044       IsConsole
 0001:00008824       IsDelimiter
 0001:00022F68       IsDelphiHandle
 0001:00005664       IsDialogMessage
 0002:00000864       ISeparators
 0001:00009E58       IsEqualIID
 0001:0000566C       IsIconic
 0001:00036C18       IsInitialChar
 0002:00001024       IsLibrary
 0002:00001045       IsMultiThread
 0001:000087F0       IsPathDelimiter
 0001:00005674       IsRectEmpty
 0001:00022D20       IsSiteChildOfClient
 0001:00006AC4       IsValidIdent
 0001:0000567C       IsWindow
 0001:00005684       IsWindowEnabled
 0001:0000568C       IsWindowVisible
 0001:00005694       IsZoomed
 0001:00032DAC       Iterate
 0001:00032E0C       IterateMenus
 0002:0000000C       JITEnable
 0001:0003AF78       KeyboardStateToShiftState
 0001:0003AF3C       KeyDataToShiftState
 0001:0003AEE8       KeysToShiftState
 0001:0000569C       KillTimer
 0001:00006D1C       LastDelimiter
 0002:000000D4       LeadBytes
 0001:0000514C       LeaveCriticalSection
 0001:000003AC       LeaveCriticalSection
 0002:00000014       LibModuleList
 0001:000052FC       LineTo
 0001:00023A48       ListAdd
 0001:00023A70       ListRemove
 0002:000015F4       ListSeparator
 0001:000056A4       LoadBitmap
 0001:000056AC       LoadCursor
 0001:000056B4       LoadIcon
 0001:000056BC       LoadKeyboardLayout
 0001:00005154       LoadLibrary
 0001:000002B8       LoadLibraryEx
 0001:0000515C       LoadResource
 0001:00003E94       LoadResourceModule
 0001:000041FC       LoadResString
 0001:000056C4       LoadString
 0001:000002C0       LoadString
 0001:0000037C       LocalAlloc
 0001:00004EA0       LocalAlloc
 0001:00000384       LocalFree
 0001:000077A0       LocalGetLocaleStr
 0001:00005164       LockResource
 0002:00001500       LongDateFormat
 0002:00001594       LongDayNames
 0002:00001548       LongMonthNames
 0002:00001514       LongTimeFormat
 0001:000002C8       lstrcpy
 0001:000051EC       lstrcpy
 0001:000002D0       lstrcpyn
 0001:000002D8       lstrlen
 0002:00001844       MainForm
 0002:0000101C       MainInstance
 0002:00001020       MainThreadID
 0001:000490D8       MainUnit
 0001:0000040C       MakeEmpty
 0001:0000271C       MakeErrorMessage
 0002:00000778       MakeLast
 0001:00005874       MakeLong
 0001:0003AD50       MakeObjectInstance
 0001:000058CC       MakeROP4
 0001:00008240       MapException
 0001:0000246C       MapToRunError
 0001:000056CC       MapVirtualKey
 0001:000056D4       MapWindowPoints
 0002:00000798       Mask
 0001:00005304       MaskBlt
 0001:0001A690       Math
 0001:0001A658       Max
 0001:0003DB80       MaximizedChildren
 0002:0000001C       MemoryManager
 0002:000007CC       MenuKeyCaps
 0001:00037C5C       Menus
 0001:0000045C       MergeBlockAfter
 0001:00000F10       MergeCommit
 0001:000056DC       MessageBox
 0001:00000258       MessageBox
 0001:00005A98       Messages
 0001:0000CA9C       Min
 0001:0002EAB0       Min
 0001:00026D4C       MinVar
 0002:000016F0       MMAvailable
 0002:00000790       ModeMap
 0001:0003F6E0       ModifySystemMenu
 0002:000000A4       Module
 0002:000014CD       ModuleIsCpp
 0002:000014CC       ModuleIsLib
 0001:00012948       ModuleUnload
 0002:00000018       ModuleUnloadList
 0002:000016CC       MonitorFromPoint
 0002:000016C8       MonitorFromRect
 0002:000016C4       MonitorFromWindow
 0002:0000174C       Mouse
 0001:000017F4       Move
 0001:0000530C       MoveToEx
 0001:00023A90       MoveWindowOrg
 0001:000056E4       MsgWaitForMultipleObjects
 0001:0000516C       MulDiv
 0001:000002E0       MultiByteToWideChar
 0001:0001A610       MultiMon
 0002:000014F5       NegCurrFormat
 0001:00000F9C       NewCommit
 0001:00000FC8       NewCommitAt
 0002:00001750       NewStyleControls
 0002:000002C0       NilMethod
 0002:00000010       NoErrMsg
 0001:00033AD8       NormalDraw
 0001:00002024       NotifyAnyExcept
 0001:0000D41C       NotifyDesigner
 0001:00001FFC       NotifyExcept
 0001:00002058       NotifyExceptFinally
 0001:0000C298       NotifyGlobalLoading
 0001:00004120       NotifyModuleUnload
 0001:00001FDC       NotifyNonDelphiException
 0001:00002010       NotifyOnExcept
 0001:00001FC0       NotifyReRaise
 0001:00002080       NotifyTerminate
 0001:0000209C       NotifyUnhandled
 0001:000365F8       NthParentOf
 0002:00001400       Null
 0001:00048654       NybbleToHex
 0002:00000634       OEMConverts
 0001:000056EC       OemToAnsi
 0001:000056F4       OffsetRect
 0001:00003578       OleStrToStrVar
 0002:000009EC       OpenOptions
 0002:00000770       OrientArray
 0002:00000748       OuterStyles
 0002:000015FC       OutOfMemory
 0001:0001556C       OutOfResources
 0002:00001218       Output
 0002:000005B4       Pal16
 0001:00013A68       PaletteChanged
 0001:00015D58       PaletteFromDIBColorTable
 0001:00015DFC       PaletteToDIBColorTable
 0002:000005B0       PalSize
 0001:0002CE68       ParentNotLast
 0002:00000610       Passwords
 0001:00005314       PatBlt
 0002:000016AC       PatternManager
 0001:000056FC       PeekMessage
 0002:000016A0       PenManager
 0002:00000580       PenModes
 0002:00000560       PenStyles
 0001:0000BB94       Point
 0001:000058EC       PointToSmallPoint
 0002:000017C4       PopupList
 0001:00005704       PostMessage
 0001:0000570C       PostQuitMessage
 0001:0001A70C       Printers
 0001:00040C88       ProcessExecute
 0001:0003B1F4       ProcessHorz
 0001:00040D88       ProcessUpdate
 0001:0003B260       ProcessVert
 0001:0000F2D8       PropertyNotFound
 0001:000102FC       PropPathError
 0002:000008FC       Props
 0001:0000F2CC       PropValueError
 0001:00005714       PtInRect
 0002:00001788       QualifyingSites
 0001:000081E8       RaiseAssertException
 0001:00000200       RaiseException
 0001:00008DD8       RaiseLastWin32Error
 0001:0000175C       RaiseList
 0002:00001040       RandSeed
 0001:0002DA4C       ReadControlName
 0001:0000F2B4       ReadError
 0001:00000208       ReadFile
 0001:00005174       ReadFile
 0001:000160A8       ReadIcon
 0002:00000618       ReadOnlys
 0001:00010574       ReadVariantProp
 0001:0000531C       RealizePalette
 0001:0000F924       Recover
 0001:0000BBAC       Rect
 0001:00005324       RectVisible
 0002:000013EC       RefAnyProc
 0001:000002E8       RegCloseKey
 0001:00005004       RegCloseKey
 0001:0000571C       RegisterClass
 0001:0000BDF8       RegisterClass
 0001:0000BEF4       RegisterClasses
 0001:00005724       RegisterClipboardFormat
 0001:00022EB0       RegisterDockSite
 0001:0000C080       RegisterIntegerConsts
 0001:0000417C       RegisterModule
 0001:0000572C       RegisterWindowMessage
 0001:000002F0       RegOpenKeyEx
 0001:0000500C       RegOpenKeyEx
 0001:00005014       RegQueryValueEx
 0001:000002F8       RegQueryValueEx
 0001:00044A54       RegStr
 0001:00005734       ReleaseCapture
 0001:0000573C       ReleaseDC
 0001:0000517C       ReleaseMutex
 0002:00001484       remBytes
 0001:000004D0       RemoveBlock
 0001:0000F184       RemoveFixupReferences
 0001:0000F230       RemoveFixups
 0001:0000F508       RemoveGlobalFixup
 0001:00005744       RemoveMenu
 0001:00004098       RemoveModuleUnloadProc
 0001:000040C0       RemoveModuleUnloadProc
 0001:0000574C       RemoveProp
 0001:00011760       RemoveThread
 0001:00001448       ResizeInPlace
 0001:0000532C       RestoreDC
 0001:0000C574       ReturnAddr
 0001:0000D828       ReturnAddr
 0001:00032980       ReturnAddr
 0001:00015AD8       RGBQuadToTriple
 0001:00015AA0       RGBTripleToQuad
 0001:00046884       RichEdit
 0002:00001480       rover
 0002:00000AA8       RTFConversionFormat
 0002:00000AC8       RTLReading
 0001:00000210       RtlUnwind
 0002:00000028       runErrMsg
 0001:00002460       RunErrorAt
 0001:0000907C       SafeLoadLibrary
 0001:00006A0C       SameText
 0001:00005334       SaveDC
 0001:0004609C       ScanForDevices
 0002:000017D8       Screen
 0002:00001658       ScreenLogPixels
 0001:00005754       ScreenToClient
 0001:0003B3AC       ScrollBarVisible
 0001:0000575C       ScrollWindow
 0001:00000FFC       SearchSmallBlocks
 0001:0000533C       SelectObject
 0001:00005344       SelectPalette
 0001:000221D0       SendAppMessage
 0001:0003AC38       SendFocusMessage
 0001:00005764       SendMessage
 0002:00000830       Separators
 0001:0000576C       SetActiveWindow
 0001:000423E8       SetAnimation
 0001:0000534C       SetBkColor
 0001:00005354       SetBkMode
 0001:0000535C       SetBrushOrgEx
 0001:00005774       SetCapture
 0001:00022464       SetCaptureControl
 0001:0000577C       SetClassLong
 0001:0000FA94       SetCompName
 0001:00006EBC       SetCurrentDir
 0001:00005184       SetCurrentDirectory
 0001:00005784       SetCursor
 0001:00005364       SetDIBColorTable
 0001:00000218       SetEndOfFile
 0001:0000518C       SetEndOfFile
 0001:00005194       SetErrorMode
 0001:0000519C       SetEvent
 0001:000025A8       SetExceptionHandler
 0001:000051A4       SetFilePointer
 0001:00000220       SetFilePointer
 0001:0000A58C       SetFloatProp
 0001:0000578C       SetFocus
 0001:00005794       SetForegroundWindow
 0001:0002F520       SetImeMode
 0001:000017CC       SetInOutRes
 0001:0000A6B0       SetInt64Prop
 0001:000104EC       SetIntIdent
 0001:0000A474       SetLongStrProp
 0001:0000579C       SetMenu
 0001:000057A4       SetMenuItemInfo
 0001:0000A678       SetMethodProp
 0001:00010534       SetObjectIdent
 0001:0000A37C       SetOrdProp
 0001:0000536C       SetPixel
 0001:000057AC       SetProp
 0001:000057B4       SetRect
 0001:00005374       SetROP2
 0001:000057BC       SetScrollInfo
 0001:000057C4       SetScrollPos
 0001:000057CC       SetScrollRange
 0001:0000A3D8       SetShortStrProp
 0001:0000A42C       SetShortStrPropAsLongStr
 0001:0000537C       SetStretchBltMode
 0001:0000A560       SetStrProp
 0001:00005384       SetTextColor
 0001:000051AC       SetThreadLocale
 0001:000057D4       SetTimer
 0001:0000A638       SetVariantProp
 0001:0000538C       SetViewportOrgEx
 0001:00044048       SetVisible
 0001:0000A4C8       SetWideStrProp
 0001:0000A508       SetWideStrPropAsLongStr
 0001:000057DC       SetWindowLong
 0001:00005394       SetWindowOrgEx
 0001:000057E4       SetWindowPlacement
 0001:000057EC       SetWindowPos
 0001:000057FC       SetWindowsHookEx
 0001:000057F4       SetWindowText
 0002:0000010C       ShareMode
 0001:00044A1C       ShellAPI
 0002:0000183C       ShellModule
 0001:00044AFC       ShlObj
 0001:000329A8       ShortCut
 0002:000017C8       ShortCutItems
 0001:00032A34       ShortCutToText
 0002:000014FC       ShortDateFormat
 0002:00001578       ShortDayNames
 0002:00001518       ShortMonthNames
 0002:00001510       ShortTimeFormat
 0002:00000950       ShowCommands
 0002:00000944       ShowCommands
 0002:00000938       ShowCommands
 0001:00005804       ShowCursor
 0001:00007E48       ShowException
 0002:00000730       ShowFlags
 0002:000009DC       ShowFlags
 0001:0003A9D8       ShowMDIClientEdge
 0001:0000580C       ShowOwnedPopups
 0001:00005814       ShowScrollBar
 0001:0000581C       ShowWindow
 0001:00042410       ShowWinNoAnimate
 0002:00000784       SizeCursors
 0001:000051B4       SizeofResource
 0001:00010FB4       SkipBinary
 0001:00010F60       SkipBytes
 0001:00010FDC       SkipCollection
 0001:00010F38       SkipList
 0001:000051BC       Sleep
 0001:0000BB9C       SmallPoint
 0001:000058D8       SmallPointToPoint
 0002:0000148C       smallTab
 0002:0000065C       Sorts
 0002:00001454       spaceRoot
 0001:00020584       StdActns
 0001:00020394       StdCtrls
 0001:0003AD28       StdWndProc
 0002:00001660       StockBrush
 0002:00001664       StockFont
 0002:00001668       StockIcon
 0002:0000165C       StockPen
 0001:000070D0       StrAlloc
 0001:000070E4       StrBufSize
 0001:000087D8       StrByteType
 0001:00006FDC       StrComp
 0001:00006F3C       StrCopy
 0001:0000711C       StrDispose
 0001:0003141C       StreamsEqual
 0001:00006EEC       StrEnd
 0001:0000539C       StretchBlt
 0001:0000759C       StrFmt
 0001:0000E644       StringListAnsiCompare
 0001:0000359C       StringToOleStr
 0001:000379F4       StripHotkey
 0001:00006F64       StrLCopy
 0001:00006ED4       StrLen
 0001:000075D0       StrLFmt
 0001:00007000       StrLIComp
 0001:00006F00       StrMove
 0001:000070F0       StrNew
 0001:000070BC       StrPas
 0001:00006F98       StrPCopy
 0001:00006FBC       StrPLCopy
 0001:00007068       StrPos
 0001:00007048       StrScan
 0001:00006BC8       StrToInt
 0001:00006C04       StrToIntDef
 0001:00048660       StrToSpacedHex
 0002:00000924       Styles
 0001:00000310       SysAllocStringLen
 0001:00005D60       SysConst
 0002:000008F4       SysConsts
 0002:000008EC       SysConsts
 0001:000076E0       SysErrorMessage
 0001:000012A4       SysFreeMem
 0001:00000320       SysFreeString
 0001:0000111C       SysGetMem
 0001:00004FFC       SysInit
 0002:000015B0       SysLocale
 0001:00001618       SysReallocMem
 0001:00000318       SysReAllocStringLen
 0001:00000328       SysStringLen
 0001:00004D98       System
 0002:00001650       SystemPalette16
 0001:00015CC0       SystemPaletteOverride
 0001:00005824       SystemParametersInfo
 0001:00009DD8       SysUtils
 0001:000300C8       TActionLink.IsCaptionLinked
 0001:000300DC       TActionLink.IsCheckedLinked
 0001:000300F0       TActionLink.IsEnabledLinked
 0001:00030104       TActionLink.IsHelpContextLinked
 0001:00030118       TActionLink.IsHintLinked
 0001:0003012C       TActionLink.IsImageIndexLinked
 0001:00030140       TActionLink.IsShortCutLinked
 0001:00030154       TActionLink.IsVisibleLinked
 0001:00030168       TActionLink.SetCaption
 0001:0003016C       TActionLink.SetChecked
 0001:00030170       TActionLink.SetEnabled
 0001:00030174       TActionLink.SetHelpContext
 0001:00030178       TActionLink.SetHint
 0001:0003017C       TActionLink.SetImageIndex
 0001:00030180       TActionLink.SetShortCut
 0001:00030184       TActionLink.SetVisible
 0001:000444E0       TApplication.ActivateHint
 0001:000433AC       TApplication.BringToFront
 0001:00044300       TApplication.CancelHint
 0001:00042A8C       TApplication.CheckIniChange
 0001:00042868       TApplication.ControlDestroyed
 0001:00042450       TApplication.Create
 0001:000437A4       TApplication.CreateForm
 0001:000426C8       TApplication.CreateHandle
 0001:000425E8       TApplication.Destroy
 0001:00044888       TApplication.DispatchAction
 0001:00043D2C       TApplication.DoActionIdle
 0001:00043D90       TApplication.DoMouseIdle
 0001:00042938       TApplication.DoNormalizeTopMosts
 0001:00044918       TApplication.ExecuteAction
 0001:00043200       TApplication.GetIconHandle
 0001:000433E8       TApplication.GetTitle
 0001:000438EC       TApplication.HandleException
 0001:00043690       TApplication.HandleMessage
 0001:00043CE4       TApplication.HelpCommand
 0001:00043CD8       TApplication.HelpContext
 0001:000442C4       TApplication.HideHint
 0001:00044184       TApplication.HintMouseMessage
 0001:00044290       TApplication.HintTimerExpired
 0001:000436B4       TApplication.HookMainWindow
 0001:00043F50       TApplication.IconChanged
 0001:00043E14       TApplication.Idle
 0001:0004378C       TApplication.Initialize
 0001:00043BAC       TApplication.InvokeHelp
 0001:00043430       TApplication.IsDlgMsg
 0001:0004355C       TApplication.IsHintMsg
 0001:000434A4       TApplication.IsKeyMsg
 0001:00043454       TApplication.IsMDIMsg
 0001:0004358C       TApplication.IsShortCut
 0001:0004397C       TApplication.MessageBox
 0001:0004321C       TApplication.Minimize
 0001:000429E8       TApplication.NormalizeAllTopMosts
 0001:000429E0       TApplication.NormalizeTopMosts
 0001:00043F14       TApplication.NotifyForms
 0001:000435F8       TApplication.ProcessMessage
 0001:000432BC       TApplication.Restore
 0001:000429F0       TApplication.RestoreTopMosts
 0001:00043824       TApplication.Run
 0001:00043FB4       TApplication.SetHint
 0001:00043CEC       TApplication.SetShowHint
 0001:00043AD4       TApplication.ShowException
 0001:0004412C       TApplication.StartHintTimer
 0001:00044164       TApplication.StopHintTimer
 0001:000438D8       TApplication.Terminate
 0001:00043710       TApplication.UnhookMainWindow
 0001:00044940       TApplication.UpdateAction
 0001:000440A4       TApplication.UpdateVisible
 0001:00042A74       TApplication.UseRightToLeftAlignment
 0001:00042A5C       TApplication.UseRightToLeftReading
 0001:00042B64       TApplication.WndProc
 0002:000008B0       TaskActiveWindow
 0002:000008B8       TaskFirstTopMost
 0002:000008B4       TaskFirstWindow
 0002:000008BC       TaskWindowList
 0001:0002283C       TBaseDragControlObject.Assign
 0001:00022818       TBaseDragControlObject.Create
 0001:00022868       TBaseDragControlObject.EndDrag
 0001:0002288C       TBaseDragControlObject.Finished
 0001:000123A0       TBasicAction.Change
 0001:00012278       TBasicAction.Create
 0001:000122BC       TBasicAction.Destroy
 0001:00012314       TBasicAction.Execute
 0001:0001230C       TBasicAction.ExecuteTarget
 0001:00012308       TBasicAction.HandlesTarget
 0001:000123B4       TBasicAction.RegisterChanges
 0001:0001234C       TBasicAction.SetOnExecute
 0001:000123C0       TBasicAction.UnRegisterChanges
 0001:00012330       TBasicAction.Update
 0001:00012310       TBasicAction.UpdateTarget
 0001:000121D4       TBasicActionLink.AssignClient
 0001:0001220C       TBasicActionLink.Change
 0001:00012190       TBasicActionLink.Create
 0001:000121D8       TBasicActionLink.Destroy
 0001:00012224       TBasicActionLink.Execute
 0001:00012260       TBasicActionLink.IsOnExecuteLinked
 0001:00012234       TBasicActionLink.SetAction
 0001:00012264       TBasicActionLink.SetOnExecute
 0001:0001226C       TBasicActionLink.Update
 0001:00017A0C       TBitmap.Assign
 0001:00017BE0       TBitmap.Changed
 0001:00017BBC       TBitmap.Changing
 0001:00017AFC       TBitmap.CopyImage
 0001:00017968       TBitmap.Create
 0001:000179D0       TBitmap.Destroy
 0001:00018008       TBitmap.DIBNeeded
 0001:00017BEC       TBitmap.Dormant
 0001:00017C08       TBitmap.Draw
 0001:0001807C       TBitmap.FreeContext
 0001:00017E58       TBitmap.FreeImage
 0001:00017ED4       TBitmap.GetCanvas
 0001:00017EBC       TBitmap.GetEmpty
 0001:00017F14       TBitmap.GetHandle
 0001:00017F38       TBitmap.GetHandleType
 0001:00017F64       TBitmap.GetHeight
 0001:00017F74       TBitmap.GetMaskHandle
 0001:00017F88       TBitmap.GetMonochrome
 0001:00017FA4       TBitmap.GetPalette
 0001:00017FB8       TBitmap.GetTransparentColor
 0001:00018000       TBitmap.GetWidth
 0001:0001808C       TBitmap.HandleNeeded
 0001:000181B4       TBitmap.LoadFromClipboardFormat
 0001:00018238       TBitmap.LoadFromStream
 0001:0001809C       TBitmap.MaskHandleNeeded
 0001:0001825C       TBitmap.NewImage
 0001:000180FC       TBitmap.PaletteNeeded
 0001:0001835C       TBitmap.ReadData
 0001:00018384       TBitmap.ReadDIB
 0001:00018898       TBitmap.ReadStream
 0001:00018FE4       TBitmap.SaveToClipboardFormat
 0001:00018FDC       TBitmap.SaveToStream
 0001:00018908       TBitmap.SetHandle
 0001:000189CC       TBitmap.SetHandleType
 0001:00018B04       TBitmap.SetHeight
 0001:00018B58       TBitmap.SetMonochrome
 0001:00018BD8       TBitmap.SetPalette
 0001:00018CAC       TBitmap.SetWidth
 0001:00018D00       TBitmap.WriteData
 0001:00018D08       TBitmap.WriteStream
 0001:00016CD4       TBitmapCanvas.Create
 0001:00016DDC       TBitmapCanvas.CreateHandle
 0001:00016D10       TBitmapCanvas.Destroy
 0001:00016D3C       TBitmapCanvas.FreeContext
 0001:00016EEC       TBitmapImage.Destroy
 0001:00016F48       TBitmapImage.FreeHandle
 0001:0000CA54       TBits.Destroy
 0001:0000CA84       TBits.Error
 0001:0000CB78       TBits.OpenBit
 0001:0000CB4C       TBits.SetBit
 0001:0000CAA8       TBits.SetSize
 0001:000149B8       TBrush.Assign
 0001:00014950       TBrush.Create
 0001:00014990       TBrush.Destroy
 0001:00014AF4       TBrush.GetColor
 0001:00014A60       TBrush.GetData
 0001:00014B30       TBrush.GetHandle
 0001:00014C10       TBrush.GetStyle
 0001:00014AD0       TBrush.SetBitmap
 0001:00014AFC       TBrush.SetColor
 0001:00014A80       TBrush.SetData
 0001:00014C18       TBrush.SetStyle
 0001:000200FC       TButton.Click
 0001:00020284       TButton.CMDialogChar
 0001:00020214       TButton.CMDialogKey
 0001:00020308       TButton.CMFocusChanged
 0001:00020200       TButton.CNCommand
 0001:00020098       TButton.Create
 0001:000201AC       TButton.CreateParams
 0001:000201E8       TButton.CreateWnd
 0001:00020124       TButton.SetButtonStyle
 0001:00020178       TButton.SetDefault
 0001:00020120       TButton.UseRightToLeftAlignment
 0001:0002035C       TButton.WMEraseBkgnd
 0001:0001FEB4       TButtonActionLink.AssignClient
 0001:0001FED8       TButtonActionLink.IsCheckedLinked
 0001:0001FF10       TButtonActionLink.SetChecked
 0001:0001FFC8       TButtonControl.ActionChange
 0001:0001FF74       TButtonControl.Create
 0001:00020010       TButtonControl.GetActionLinkClass
 0001:00020018       TButtonControl.GetChecked
 0001:0002001C       TButtonControl.SetChecked
 0001:00020020       TButtonControl.WndProc
 0001:00015504       TCanvas.BrushChanged
 0001:000153D8       TCanvas.Changed
 0001:000153C4       TCanvas.Changing
 0001:00014D6C       TCanvas.CopyRect
 0001:00014C4C       TCanvas.Create
 0001:00015448       TCanvas.CreateBrush
 0001:000153EC       TCanvas.CreateFont
 0001:000152F8       TCanvas.CreateHandle
 0001:00015418       TCanvas.CreatePen
 0001:0001529C       TCanvas.DeselectHandles
 0001:00014D10       TCanvas.Destroy
 0001:00014DF4       TCanvas.Draw
 0001:00014EA0       TCanvas.FillRect
 0001:000154C4       TCanvas.FontChanged
 0001:00014EDC       TCanvas.FrameRect
 0001:00014FE0       TCanvas.GetCanvasOrientation
 0001:0001527C       TCanvas.GetHandle
 0001:000151C4       TCanvas.GetPenPos
 0001:00015208       TCanvas.GetPixel
 0001:00014F18       TCanvas.LineTo
 0001:00014F50       TCanvas.Lock
 0001:00014F78       TCanvas.MoveTo
 0001:000154E4       TCanvas.PenChanged
 0001:00015350       TCanvas.RequiredState
 0001:000151B8       TCanvas.SetBrush
 0001:0001519C       TCanvas.SetFont
 0001:000152FC       TCanvas.SetHandle
 0001:000151AC       TCanvas.SetPen
 0001:000151E8       TCanvas.SetPenPos
 0001:00015234       TCanvas.SetPixel
 0001:00014FA4       TCanvas.StretchDraw
 0001:00015098       TCanvas.TextExtent
 0001:000150F8       TCanvas.TextHeight
 0001:0001500C       TCanvas.TextOut
 0001:000150DC       TCanvas.TextWidth
 0001:00015118       TCanvas.TryLock
 0001:00015174       TCanvas.Unlock
 0001:00031A70       TChangeLink.Change
 0001:00031A3C       TChangeLink.Destroy
 0001:0000D028       TCollection.Add
 0001:0000D034       TCollection.Assign
 0001:0000D0CC       TCollection.BeginUpdate
 0001:0000D0D0       TCollection.Changed
 0001:0000D0E0       TCollection.Clear
 0001:0000CFA4       TCollection.Create
 0001:0000CFE4       TCollection.Destroy
 0001:0000D148       TCollection.EndUpdate
 0001:0000D158       TCollection.GetAttr
 0001:0000D154       TCollection.GetAttrCount
 0001:0000D184       TCollection.GetCount
 0001:0000D18C       TCollection.GetItem
 0001:0000D164       TCollection.GetItemAttr
 0001:0000D1A0       TCollection.GetNamePath
 0001:0000D268       TCollection.GetPropName
 0001:0000D480       TCollection.InsertItem
 0001:0000D4DC       TCollection.RemoveItem
 0001:0000D508       TCollection.SetItemName
 0001:0000D50C       TCollection.Update
 0001:0000CE28       TCollectionItem.Changed
 0001:0000CDC0       TCollectionItem.Create
 0001:0000CDF8       TCollectionItem.Destroy
 0001:0000CE64       TCollectionItem.GetDisplayName
 0001:0000CE4C       TCollectionItem.GetIndex
 0001:0000CE8C       TCollectionItem.GetNamePath
 0001:0000CF40       TCollectionItem.GetOwner
 0001:0000CF44       TCollectionItem.SetCollection
 0001:0000CF6C       TCollectionItem.SetDisplayName
 0001:0000CF74       TCollectionItem.SetIndex
 0001:0001EC84       TComboBoxStrings.Add
 0001:0001EDA8       TComboBoxStrings.Clear
 0001:0001ED88       TComboBoxStrings.Delete
 0001:0001EBA4       TComboBoxStrings.Get
 0001:0001EB88       TComboBoxStrings.GetCount
 0001:0001EBE8       TComboBoxStrings.GetObject
 0001:0001EE4C       TComboBoxStrings.IndexOf
 0001:0001ED08       TComboBoxStrings.Insert
 0001:0001EC60       TComboBoxStrings.PutObject
 0001:0001EE18       TComboBoxStrings.SetUpdateState
 0001:000452B0       TCommonDialog.Create
 0001:00045354       TCommonDialog.DefaultHandler
 0001:000452F8       TCommonDialog.Destroy
 0001:000454EC       TCommonDialog.DoClose
 0001:00045500       TCommonDialog.DoShow
 0001:0004538C       TCommonDialog.MainWndProc
 0001:0004532C       TCommonDialog.MessageHook
 0001:00045428       TCommonDialog.TaskModalDialog
 0001:000453E0       TCommonDialog.WMDestroy
 0001:000453FC       TCommonDialog.WMInitDialog
 0001:00045414       TCommonDialog.WMNCDestroy
 0001:000453D8       TCommonDialog.WndProc
 0001:00011A88       TComponent.BeforeDestruction
 0001:00011FA4       TComponent.ChangeName
 0001:000119B4       TComponent.Create
 0001:00011D3C       TComponent.DefineProperties
 0001:00011A00       TComponent.Destroy
 0001:00011C0C       TComponent.DestroyComponents
 0001:00011C64       TComponent.Destroying
 0001:000120E0       TComponent.ExecuteAction
 0001:00011EC8       TComponent.FindComponent
 0001:00011A94       TComponent.FreeNotification
 0001:00011DD0       TComponent.GetChildOwner
 0001:00011DD4       TComponent.GetChildParent
 0001:00011DC8       TComponent.GetChildren
 0001:00011FB8       TComponent.GetComponent
 0001:00011FE4       TComponent.GetComponentCount
 0001:00011DD8       TComponent.GetNamePath
 0001:00011DEC       TComponent.GetOwner
 0001:00011DF4       TComponent.GetParentComponent
 0001:00011DC4       TComponent.HasParent
 0001:00011B28       TComponent.Insert
 0001:00011B7C       TComponent.InsertComponent
 0001:00011E14       TComponent.Loaded
 0001:00011CE0       TComponent.Notification
 0001:00012150       TComponent.QueryInterface
 0001:00011AE8       TComponent.ReadLeft
 0001:00011E20       TComponent.ReadState
 0001:00011AFC       TComponent.ReadTop
 0001:00011B54       TComponent.Remove
 0001:00011BD4       TComponent.RemoveComponent
 0001:00011CC4       TComponent.RemoveFreeNotification
 0001:00011CA0       TComponent.RemoveNotification
 0001:00012130       TComponent.SafeCallException
 0001:00011DF0       TComponent.SetChildOrder
 0001:00011FF4       TComponent.SetComponentIndex
 0001:00012048       TComponent.SetDesigning
 0001:00011F18       TComponent.SetName
 0001:00011DF8       TComponent.SetParentComponent
 0001:00012098       TComponent.SetReference
 0001:00012108       TComponent.UpdateAction
 0001:00011E08       TComponent.Updated
 0001:00012148       TComponent.UpdateRegistry
 0001:00011DFC       TComponent.Updating
 0001:00011EB0       TComponent.ValidateContainer
 0001:00011EC4       TComponent.ValidateInsert
 0001:00011E30       TComponent.ValidateRename
 0001:00011B10       TComponent.WriteLeft
 0001:00011E28       TComponent.WriteState
 0001:00011B1C       TComponent.WriteTop
 0001:0002FBB0       TContainedAction.Destroy
 0001:0002FD1C       TContainedAction.Execute
 0001:0002FBE4       TContainedAction.GetIndex
 0001:0002FC00       TContainedAction.GetParentComponent
 0001:0002FC10       TContainedAction.HasParent
 0001:0002FBFC       TContainedAction.IsCategoryStored
 0001:0002FC20       TContainedAction.ReadState
 0001:0002FCC8       TContainedAction.SetActionList
 0001:0002FC9C       TContainedAction.SetCategory
 0001:0002FC54       TContainedAction.SetIndex
 0001:0002FCF0       TContainedAction.SetParentComponent
 0001:0002FD74       TContainedAction.Update
 0001:00026AAC       TControl.ActionChange
 0001:00026E6C       TControl.AdjustSize
 0001:00026CA4       TControl.AssignTo
 0001:000255C8       TControl.BeginAutoDrag
 0001:000255E0       TControl.BeginDrag
 0001:000251E0       TControl.BringToFront
 0001:00025F74       TControl.CalcDockSizes
 0001:00025D6C       TControl.CanAutoSize
 0001:00025D70       TControl.CanResize
 0001:00024C08       TControl.Changed
 0001:00024C18       TControl.ChangeScale
 0001:00026414       TControl.CheckNewSize
 0001:0002624C       TControl.Click
 0001:00024B14       TControl.ClientToScreen
 0001:00026868       TControl.CMBiDiModeChanged
 0001:00026810       TControl.CMColorChanged
 0001:00026930       TControl.CMDesignHitTest
 0001:00026800       TControl.CMEnabledChanged
 0001:00026A4C       TControl.CMFloat
 0001:00026808       TControl.CMFontChanged
 0001:00026EF4       TControl.CMHintShow
 0001:000268F8       TControl.CMHitTest
 0001:00026900       TControl.CMMouseEnter
 0001:00026918       TControl.CMMouseLeave
 0001:00026848       TControl.CMParentBiDiModeChanged
 0001:00026818       TControl.CMParentColorChanged
 0001:000268A8       TControl.CMParentFontChanged
 0001:00026880       TControl.CMParentShowHintChanged
 0001:000268D8       TControl.CMSysFontChanged
 0001:000267D8       TControl.CMVisibleChanged
 0001:00025E3C       TControl.ConstrainedResize
 0001:000241A0       TControl.Create
 0001:00026938       TControl.CreateFloatingDockSite
 0001:000262B8       TControl.DblClick
 0001:00025898       TControl.DefaultDockImage
 0001:00026124       TControl.DefaultHandler
 0001:000261FC       TControl.DefineProperties
 0001:00024270       TControl.Destroy
 0001:00026BA0       TControl.DoActionChange
 0001:00025DA0       TControl.DoCanAutoSize
 0001:00025E0C       TControl.DoCanResize
 0001:00024840       TControl.Dock
 0001:00025838       TControl.DockTrackNoTarget
 0001:00025E6C       TControl.DoConstrainedResize
 0001:00025D60       TControl.DoConstraintsChange
 0001:00027034       TControl.DoContextPopup
 0001:0002494C       TControl.DoDock
 0001:000259E8       TControl.DoDragMsg
 0001:0002584C       TControl.DoEndDock
 0001:0002573C       TControl.DoEndDrag
 0001:00026310       TControl.DoMouseDown
 0001:000265F4       TControl.DoMouseUp
 0001:00025878       TControl.DoStartDock
 0001:0002571C       TControl.DoStartDrag
 0001:000256A4       TControl.DragCanceled
 0001:000256F0       TControl.DragDrop
 0001:000256A8       TControl.Dragging
 0001:000256B4       TControl.DragOver
 0001:000259C8       TControl.DrawDragDockImage
 0001:00026E88       TControl.DrawTextBiDiModeFlags
 0001:00026EC8       TControl.DrawTextBiDiModeFlagsReadingOnly
 0001:000259D8       TControl.EraseDragDockImage
 0001:0002504C       TControl.FontChanged
 0001:000243E4       TControl.GetAction
 0001:00026BC4       TControl.GetActionLinkClass
 0001:000249A4       TControl.GetBoundsRect
 0001:00024A44       TControl.GetClientHeight
 0001:00024A84       TControl.GetClientOrigin
 0001:000249E8       TControl.GetClientRect
 0001:00024A00       TControl.GetClientWidth
 0001:00025578       TControl.GetControlsAlignment
 0001:00025294       TControl.GetDeviceContext
 0001:00026D88       TControl.GetDockEdge
 0001:00024328       TControl.GetDragImages
 0001:0002432C       TControl.GetEnabled
 0001:00026E38       TControl.GetFloating
 0001:00026E64       TControl.GetFloatingDockSiteClass
 0001:000251A8       TControl.GetMouseCapture
 0001:00024330       TControl.GetPalette
 0001:0002433C       TControl.GetParentComponent
 0001:00026410       TControl.GetPopupMenu
 0001:00024F9C       TControl.GetText
 0001:00024F20       TControl.GetTextBuf
 0001:00024F10       TControl.GetTextLen
 0001:00024F2C       TControl.GetUndockHeight
 0001:00024F40       TControl.GetUndockWidth
 0001:00024334       TControl.HasParent
 0001:00026EE4       TControl.InitiateAction
 0001:00025454       TControl.Invalidate
 0001:000253C8       TControl.InvalidateControl
 0001:00024490       TControl.IsAnchorsStored
 0001:000250B8       TControl.IsBiDiModeStored
 0001:00026BCC       TControl.IsCaptionStored
 0001:00025144       TControl.IsColorStored
 0001:00026BEC       TControl.IsEnabledStored
 0001:00025098       TControl.IsFontStored
 0001:00026C0C       TControl.IsHintStored
 0001:00026C4C       TControl.IsOnClickStored
 0001:000250AC       TControl.IsShowHintStored
 0001:00026C2C       TControl.IsVisibleStored
 0001:00026C6C       TControl.Loaded
 0001:00025AD8       TControl.ManualDock
 0001:00025CC0       TControl.ManualFloat
 0001:000262D8       TControl.MouseDown
 0001:00026550       TControl.MouseMove
 0001:000265BC       TControl.MouseUp
 0001:00024570       TControl.Notification
 0001:00024368       TControl.PaletteChanged
 0001:00025F40       TControl.Perform
 0001:00025768       TControl.PositionDockRect
 0001:000261AC       TControl.ReadIsControl
 0001:000244DC       TControl.ReadState
 0001:00025478       TControl.Refresh
 0001:00025480       TControl.Repaint
 0001:000244AC       TControl.RequestAlign
 0001:000244BC       TControl.Resize
 0001:00024B40       TControl.ScreenToClient
 0001:00024B6C       TControl.SendCancelMode
 0001:00024B9C       TControl.SendDockNotification
 0001:00024414       TControl.SetAction
 0001:000245B4       TControl.SetAlign
 0001:000243F4       TControl.SetAnchors
 0001:00024D5C       TControl.SetAutoSize
 0001:00025030       TControl.SetBiDiMode
 0001:00024648       TControl.SetBounds
 0001:000249C4       TControl.SetBoundsRect
 0001:00024A5C       TControl.SetClientHeight
 0001:00024E20       TControl.SetClientSize
 0001:00024A18       TControl.SetClientWidth
 0001:00025128       TControl.SetColor
 0001:0002518C       TControl.SetCursor
 0001:000244A8       TControl.SetDragMode
 0001:00024EF8       TControl.SetEnabled
 0001:00025088       TControl.SetFont
 0001:00024820       TControl.SetHeight
 0001:000247BC       TControl.SetLeft
 0001:000251B8       TControl.SetMouseCapture
 0001:00024D7C       TControl.SetName
 0001:00024E68       TControl.SetParent
 0001:0002516C       TControl.SetParentBiDiMode
 0001:0002514C       TControl.SetParentColor
 0001:00024340       TControl.SetParentComponent
 0001:000250C0       TControl.SetParentFont
 0001:00025104       TControl.SetParentShowHint
 0001:00024F54       TControl.SetPopupMenu
 0001:000250E0       TControl.SetShowHint
 0001:00024FCC       TControl.SetText
 0001:00024F78       TControl.SetTextBuf
 0001:000247DC       TControl.SetTop
 0001:00024EB4       TControl.SetVisible
 0001:00024800       TControl.SetWidth
 0001:00025270       TControl.SetZOrder
 0001:000251F0       TControl.SetZOrderPosition
 0001:00025464       TControl.Update
 0001:000246E0       TControl.UpdateAnchorRules
 0001:00025FE4       TControl.UpdateBoundsRect
 0001:00025594       TControl.UseRightToLeftAlignment
 0001:0002557C       TControl.UseRightToLeftReading
 0001:000255AC       TControl.UseRightToLeftScrollBar
 0001:00026008       TControl.VisibleChanging
 0001:000266E8       TControl.WMCancelMode
 0001:00026F20       TControl.WMContextMenu
 0001:000263BC       TControl.WMLButtonDblClk
 0001:00026354       TControl.WMLButtonDown
 0001:00026630       TControl.WMLButtonUp
 0001:00026528       TControl.WMMButtonDblClk
 0001:00026500       TControl.WMMButtonDown
 0001:000266C8       TControl.WMMButtonUp
 0001:00026580       TControl.WMMouseMove
 0001:000263A0       TControl.WMNCLButtonDown
 0001:000264D8       TControl.WMRButtonDblClk
 0001:000264B0       TControl.WMRButtonDown
 0001:000266A8       TControl.WMRButtonUp
 0001:00026728       TControl.WMWindowPosChanged
 0001:0002600C       TControl.WndProc
 0001:000261C0       TControl.WriteIsControl
 0001:00023EB8       TControlActionLink.AssignClient
 0001:00023ED4       TControlActionLink.DoShowHint
 0001:00023FBC       TControlActionLink.IsCaptionLinked
 0001:00024030       TControlActionLink.IsEnabledLinked
 0001:00024064       TControlActionLink.IsHintLinked
 0001:000240C8       TControlActionLink.IsOnExecuteLinked
 0001:00024098       TControlActionLink.IsVisibleLinked
 0001:000240F0       TControlActionLink.SetCaption
 0001:00024110       TControlActionLink.SetEnabled
 0001:00024130       TControlActionLink.SetHint
 0001:00024174       TControlActionLink.SetOnExecute
 0001:00024154       TControlActionLink.SetVisible
 0001:00023C54       TControlCanvas.CreateHandle
 0001:00023C28       TControlCanvas.Destroy
 0001:00023CFC       TControlCanvas.FreeHandle
 0001:00023D30       TControlCanvas.SetControl
 0001:00023D48       TControlCanvas.UpdateTextFlags
 0001:0003B16C       TControlScrollBar.Assign
 0001:0003B2C8       TControlScrollBar.CalcAutoRange
 0001:0003B1BC       TControlScrollBar.ChangeBiDiPosition
 0001:0003B45C       TControlScrollBar.ControlSize
 0001:0003B0DC       TControlScrollBar.Create
 0001:0003B9FC       TControlScrollBar.DoSetRange
 0001:0003B164       TControlScrollBar.IsIncrementStored
 0001:0003BA28       TControlScrollBar.IsRangeStored
 0001:0003B374       TControlScrollBar.IsScrollBarVisible
 0001:0003B4DC       TControlScrollBar.NeedsScrollBarVisible
 0001:0003B554       TControlScrollBar.ScrollMessage
 0001:0003B84C       TControlScrollBar.SetButtonSize
 0001:0003B890       TControlScrollBar.SetColor
 0001:0003B8AC       TControlScrollBar.SetParentColor
 0001:0003B8C4       TControlScrollBar.SetPosition
 0001:0003BA14       TControlScrollBar.SetRange
 0001:0003B988       TControlScrollBar.SetSize
 0001:0003B9CC       TControlScrollBar.SetStyle
[...]
 0001:00047558       TStatusPanel.GetDisplayName
 0001:0004757C       TStatusPanel.SetAlignment
 0001:0004758C       TStatusPanel.SetBevel
 0001:0004759C       TStatusPanel.SetStyle
 0001:000475AC       TStatusPanel.SetText
 0001:000475D4       TStatusPanel.SetWidth
 0001:000475E4       TStatusPanels.Create
 0001:00047628       TStatusPanels.Add
 0001:00047634       TStatusPanels.GetItem
 0001:00047648       TStatusPanels.GetOwner
 0001:0004764C       TStatusPanels.Update
 0001:0004767C       TStatusBar.Create
 0001:00047738       TStatusBar.Destroy
 0001:00047774       TStatusBar.CreateParams
 0001:000477F8       TStatusBar.CreateWnd
 0001:00047878       TStatusBar.DoHint
 0001:0004789C       TStatusBar.DrawPanel
 0001:000478CC       TStatusBar.SetPanels
 0001:000478DC       TStatusBar.SetSimplePanel
 0001:00047918       TStatusBar.DoRightToLeftAlignment
 0001:00047980       TStatusBar.UpdateSimpleText
 0001:000479E4       TStatusBar.SetSimpleText
 0001:00047A10       TStatusBar.CMBiDiModeChanged
 0001:00047A88       TStatusBar.FlipChildren
 0001:00047C48       TStatusBar.SetSizeGrip
 0001:00047C5C       TStatusBar.SyncToSystemFont
 0001:00047C78       TStatusBar.UpdatePanel
 0001:00047E00       TStatusBar.UpdatePanels
 0001:00047F18       TStatusBar.CMWinIniChange
 0001:00047F40       TStatusBar.CNDrawItem
 0001:0004804C       TStatusBar.WMGetTextLength
 0001:00048064       TStatusBar.WMPaint
 0001:00048084       TStatusBar.WMSize
 0001:000480A4       TStatusBar.IsFontStored
 0001:000480C0       TStatusBar.SetUseSystemFont
 0001:000480F0       TStatusBar.CMColorChanged
 0001:00048104       TStatusBar.CMParentFontChanged
 0001:00048128       TStatusBar.ExecuteAction
 0001:000481A0       TStatusBar.CMSysColorChange
 0001:000481B4       TStatusBar.CMSysFontChanged
 0001:000481C8       TStatusBar.ChangeScale
 0001:000481F0       TConversion.ConvertReadStream
 0001:00048204       TConversion.ConvertWriteStream
 0001:00048218       Finalization
 0001:00048290       ComCtrls
 0001:00048654       NybbleToHex
 0001:00048660       StrToSpacedHex
 0001:00048710       DumpFileToString
 0001:000487C0       Deb_SendReceiveDI
 0001:000487C8       TMainForm.FormCreate
 0001:000487F4       TMainForm.BrowseButtonClick
 0001:000488E4       TMainForm.UploadButtonClick
 0001:00048964       TMainForm.LoadFileButtonClick
 0001:00048B2C       TMainForm.ConnectButtonClick
 0001:00048C58       TMainForm.NamePathButtonClick
 0001:00048DD8       DoTransfer
 0001:00048F18       TMainForm.BodyButtonClick
 0001:0004904C       TMainForm.DisconnectButtonClick
 0001:000490A8       Finalization
 0001:000490D8       MainUnit
 0001:000490E0       Finalization
 0001:00049270       UploadTestbed
 0002:00000000       Default8087CW
 0002:00000004       HeapAllocFlags
 0002:00000008       DebugHook
 0002:0000000C       JITEnable
 0002:00000010       NoErrMsg
 0002:00000014       LibModuleList
 0002:00000018       ModuleUnloadList
 0002:0000001C       MemoryManager
 0002:00000028       runErrMsg
 0002:00000048       errCaption
 0002:00000050       dig
 0002:00000060       .
 0002:000000A4       Module
 0002:000000BC       EmptyStr
 0002:000000C0       Win32Platform
 0002:000000C4       Win32MajorVersion
 0002:000000C8       Win32MinorVersion
 0002:000000CC       Win32BuildNumber
 0002:000000D0       Win32CSDVersion
 0002:000000D4       LeadBytes
 0002:000000F4       HexDisplayPrefix
 0002:000000F8       GetDiskFreeSpaceEx
 0002:000000FC       ExitProcList
 0002:00000100       AccessMode
 0002:0000010C       ShareMode
 0002:00000120       FormatErrorStrs
 0002:00000128       DefShortMonthNames
 0002:00000158       DefLongMonthNames
 0002:00000188       DefShortDayNames
 0002:000001A4       DefLongDayNames
 0002:000001C0       ErrorMap
 0002:000001F8       ExceptMap
 0002:000002A8       TerminateProcList
 0002:000002AC       BooleanIdents
 0002:000002B4       DotSep
 0002:000002B8       C10000
 0002:000002BC       FilerSignature
 0002:000002C0       NilMethod
 0002:000002C8       ValTtoVarT
 0002:00000318       ThreadWindowClass
 0002:00000340       DefFontData
 0002:0000036C       DDBsOnly
 0002:00000370       Colors
 0002:000004C0       FontCharsets
 0002:00000550       DefPenData
 0002:00000560       PenStyles
 0002:00000570       DefBrushData
 0002:00000580       PenModes
 0002:000005A0       ClipboardFormats
 0002:000005A4       FileFormats
 0002:000005A8       BitmapCanvasList
 0002:000005AC       DIBPalSizes
 0002:000005B0       PalSize
 0002:000005B4       Pal16
 0002:000005F4       FPrinter
 0002:000005F8       BorderStyles
 0002:00000600       Alignments
 0002:00000608       WordWraps
 0002:0000060C       WordWraps
 0002:00000610       Passwords
 0002:00000618       ReadOnlys
 0002:00000620       CharCases
 0002:0000062C       HideSelections
 0002:00000634       OEMConverts
 0002:0000063C       ComboBoxStyles
 0002:00000650       CharCases
 0002:0000065C       Sorts
 0002:00000664       ButtonStyles
 0002:0000066C       CreationControl
 0002:00000670       DefaultDockTreeClass
 0002:00000674       AnchorAlign
 0002:0000067C       Cursors
 0002:0000072C       CaptureControl
 0002:00000730       ShowFlags
 0002:00000734       WindowPos
 0002:00000738       InnerStyles
 0002:00000748       OuterStyles
 0002:00000758       EdgeStyles
 0002:00000768       Ctl3DStyles
 0002:00000770       OrientArray
 0002:00000778       MakeLast
 0002:00000780       TreeStreamEndFlag
 0002:00000784       SizeCursors
 0002:0000078C       IMM32DLL
 0002:00000790       ModeMap
 0002:00000798       Mask
 0002:000007A0       DrawingStyles
 0002:000007B0       Images
 0002:000007B8       ValidMenuHotkeys
 0002:000007BC       cMenuAutoFlagToItem
 0002:000007C0       cItemAutoFlagToMenu
 0002:000007C4       cBooleanToItemAutoFlag
 0002:000007C8       cItemAutoFlagToBoolean
 0002:000007CC       MenuKeyCaps
 0002:00000814       Checks
 0002:0000081C       Enables
 0002:00000824       Breaks
 0002:00000830       Separators
 0002:00000838       IBreaks
 0002:00000844       IChecks
 0002:0000084C       IDefaults
 0002:00000854       IEnables
 0002:0000085C       IRadios
 0002:00000864       ISeparators
 0002:0000086C       IRTL
 0002:00000874       IOwnerDraw
 0002:0000087C       Alignments
 0002:00000884       EdgeStyle
 0002:0000088C       Alignments
 0002:00000894       Flags
 0002:000008A0       Buttons
 0002:000008A4       HintWindowClass
 0002:000008A8       FocusMessages
 0002:000008AC       FocusCount
 0002:000008B0       TaskActiveWindow
 0002:000008B4       TaskFirstWindow
 0002:000008B8       TaskFirstTopMost
 0002:000008BC       TaskWindowList
 0002:000008C0       BlockCode
 0002:000008C4       UtilWindowClass
 0002:000008EC       SysConsts
 0002:000008F4       SysConsts
 0002:000008FC       Props
 0002:00000924       Styles
 0002:00000930       BorderStyles
 0002:00000938       ShowCommands
 0002:00000944       ShowCommands
 0002:00000950       ShowCommands
 0002:0000095C       CursorMap
 0002:000009B0       WindowClass
 0002:000009D8       AppVisible
 0002:000009DC       ShowFlags
 0002:000009E0       ForceCurrentDirectory
 0002:000009E4       CreationControl
 0002:000009E8       WndProcPtrAtom
 0002:000009EC       OpenOptions
 0002:00000A3C       Captions
 0002:00000A50       ButtonNames
 0002:00000A7C       ButtonCaptions
 0002:00000AA8       RTFConversionFormat
 0002:00000AB4       TextConversionFormat
 0002:00000AC0       GripStyles
 0002:00000AC8       RTLReading
 0002:00000AD0       CR
 0002:00001000       ExceptProc
 0002:00001004       ErrorProc
 0002:00001008       ExceptClsProc
 0002:0000100C       ExceptObjProc
 0002:00001010       ExceptionClass
 0002:00001014       AssertErrorProc
 0002:00001018       AbstractErrorProc
 0002:0000101C       MainInstance
 0002:00001020       MainThreadID
 0002:00001024       IsLibrary
 0002:00001028       CmdShow
 0002:0000102C       CmdLine
 0002:00001030       InitProc
 0002:00001034       ExitCode
 0002:00001038       ExitProc
 0002:0000103C       ErrorAddr
 0002:00001040       RandSeed
 0002:00001044       IsConsole
 0002:00001045       IsMultiThread
 0002:00001046       FileMode
 0002:00001047       Test8086
 0002:00001048       Test8087
 0002:0000104C       Input
 0002:00001218       Output
 0002:000013E4       ClearAnyProc
 0002:000013E8       ChangeAnyProc
 0002:000013EC       RefAnyProc
 0002:000013F0       Unassigned
 0002:00001400       Null
 0002:00001410       EmptyParam
 0002:00001420       AllocMemCount
 0002:00001424       AllocMemSize
 0002:00001428       .3
 0002:0000142C       initialized
 0002:00001430       heapErrorCode
 0002:00001434       heapLock
 0002:0000144C       blockDescBlockList
 0002:00001450       blockDescFreeList
 0002:00001454       spaceRoot
 0002:00001464       decommittedRoot
 0002:00001474       avail
 0002:00001480       rover
 0002:00001484       remBytes
 0002:00001488       curAlloc
 0002:0000148C       smallTab
 0002:00001490       committedRoot
 0002:000014A0       InitContext
 0002:000014CC       ModuleIsLib
 0002:000014CD       ModuleIsCpp
 0002:000014D0       TlsIndex
 0002:000014D8       HInstance
 0002:000014DC       .1
 0002:000014E0       TlsBuffer
 0002:000014E4       .3
 0002:000014E8       .1
 0002:000014EC       .1
 0002:000014F0       CurrencyString
 0002:000014F4       CurrencyFormat
 0002:000014F5       NegCurrFormat
 0002:000014F6       ThousandSeparator
 0002:000014F7       DecimalSeparator
 0002:000014F8       CurrencyDecimals
 0002:000014F9       DateSeparator
 0002:000014FC       ShortDateFormat
 0002:00001500       LongDateFormat
 0002:00001504       TimeSeparator
 0002:00001508       TimeAMString
 0002:0000150C       TimePMString
 0002:00001510       ShortTimeFormat
 0002:00001514       LongTimeFormat
 0002:00001518       ShortMonthNames
 0002:00001548       LongMonthNames
 0002:00001578       ShortDayNames
 0002:00001594       LongDayNames
 0002:000015B0       SysLocale
 0002:000015BC       EraNames
 0002:000015D8       EraYearOffsets
 0002:000015F4       ListSeparator
 0002:000015F8       .44
 0002:000015FC       OutOfMemory
 0002:00001600       InvalidPointer
 0002:00001604       FLanguages
 0002:00001608       .3
 0002:0000160C       .1
 0002:00001610       .5
 0002:00001614       GlobalNameSpace
 0002:00001618       FindGlobalComponent
 0002:0000161C       .84
 0002:00001620       ClassList
 0002:00001624       ClassAliasList
 0002:00001628       IntConstList
 0002:0000162C       GlobalFixupList
 0002:00001630       ThreadLock
 0002:00001648       ThreadWindow
 0002:0000164C       ThreadCount
 0002:00001650       SystemPalette16
 0002:00001654       .81
 0002:00001658       ScreenLogPixels
 0002:0000165C       StockPen
 0002:00001660       StockBrush
 0002:00001664       StockFont
 0002:00001668       StockIcon
 0002:0000166C       BitmapImageLock
 0002:00001684       CounterLock
 0002:0000169C       FontManager
 0002:000016A0       PenManager
 0002:000016A4       BrushManager
 0002:000016A8       CanvasList
 0002:000016AC       PatternManager
 0002:000016B0       .9
 0002:000016B4       .1
 0002:000016B8       ComCtl32DLL
 0002:000016BC       _InitCommonControlsEx
 0002:000016C0       GetSystemMetrics
 0002:000016C4       MonitorFromWindow
 0002:000016C8       MonitorFromRect
 0002:000016CC       MonitorFromPoint
 0002:000016D0       GetMonitorInfoA
 0002:000016D4       GetMonitorInfoW
 0002:000016D8       GetMonitorInfo
 0002:000016DC       EnumDisplayMonitors
 0002:000016E0       .1
 0002:000016E4       User32Dll
 0002:000016E8       InitApis
 0002:000016F0       MMAvailable
 0002:000016F4       .1
 0002:000016F8       .2
 0002:000016FC       .3
 0002:00001700       .3
 0002:00001704       FlatSB_EnableScrollBar
 0002:00001708       FlatSB_ShowScrollBar
 0002:0000170C       FlatSB_GetScrollRange
 0002:00001710       FlatSB_GetScrollInfo
 0002:00001714       FlatSB_GetScrollPos
 0002:00001718       FlatSB_SetScrollPos
 0002:0000171C       FlatSB_SetScrollInfo
 0002:00001720       FlatSB_SetScrollRange
 0002:00001724       .1
 0002:00001728       _FlatSB_GetScrollProp
 0002:0000172C       _FlatSB_SetScrollProp
 0002:00001730       _InitializeFlatSB
 0002:00001734       _UninitializeFlatSB
 0002:00001738       .22
 0002:0000173C       CF_PICTURE
 0002:0000173E       CF_COMPONENT
 0002:00001740       .2
 0002:00001744       FClipboard
 0002:00001748       .02
 0002:0000174C       Mouse
 0002:00001750       NewStyleControls
 0002:00001754       .22
 0002:00001758       WindowAtom
 0002:0000175A       ControlAtom
 0002:0000175C       DragControl
 0002:00001760       DragObject
 0002:00001764       DragFreeObject
 0002:00001768       DragCapture
 0002:0000176C       DragStartPos
 0002:00001774       DragSaveCursor
 0002:00001778       DragThreshold
 0002:0000177C       ActiveDrag
 0002:00001780       DragImageList
 0002:00001784       DockSiteList
 0002:00001788       QualifyingSites
 0002:0000178C       CanvasList
 0002:00001790       _WINNLSEnableIME
 0002:00001794       _ImmGetContext
 0002:00001798       _ImmReleaseContext
 0002:0000179C       _ImmGetConversionStatus
 0002:000017A0       _ImmSetConversionStatus
 0002:000017A4       _ImmSetOpenStatus
 0002:000017A8       _ImmSetCompositionWindow
 0002:000017AC       _ImmSetCompositionFont
 0002:000017B0       _ImmGetCompositionString
 0002:000017B4       _ImmIsIME
 0002:000017B8       _ImmNotifyIME
 0002:000017BC       .7
 0002:000017C0       .3
 0002:000017C4       PopupList
 0002:000017C8       ShortCutItems
 0002:000017CC       .9
 0002:000017D0       CommandPool
 0002:000017D4       Application
 0002:000017D8       Screen
 0002:000017DC       .51
 0002:000017E0       InstBlockList
 0002:000017E4       InstFreeList
 0002:000017E8       HintThreadID
 0002:000017EC       HintDoneEvent
 0002:000017F0       HintHook
 0002:000017F4       HintThread
 0002:000017F8       .1
 0002:000017FC       .1
 0002:00001800       .1
 0002:00001804       .1
 0002:00001808       .1
 0002:0000180C       .1
 0002:00001810       .61
 0002:00001814       .1
 0002:00001818       .01
 0002:0000181C       HelpMsg
 0002:00001820       FindMsg
 0002:00001824       .1
 0002:00001828       .3
 0002:0000182C       .1
 0002:00001830       .4
 0002:00001834       .1
 0002:00001838       .45
 0002:0000183C       ShellModule
 0002:00001840       FRichEditModule
 0002:00001844       MainForm
 0002:00001848       .2


Line numbers for AIOENet(AIOeNET.pas) segment .text

    87 0001:0004609C    94 0001:000460A4   101 0001:000460AC   159 0001:000460E4
   159 0001:000460EB

Line numbers for DetectUnit(DetectUnit.pas) segment .text

    77 0001:000463C8    78 0001:000463CA    79 0001:000463D0    80 0001:000463D6
    85 0001:000463D8    86 0001:000463DB    88 0001:000463E2    90 0001:000463EB
    91 0001:000463F8    93 0001:00046405    94 0001:00046419    97 0001:0004641C
    98 0001:0004641F   100 0001:0004642A   101 0001:00046431   104 0001:00046434
   105 0001:00046435   106 0001:00046444   109 0001:00046448   110 0001:0004644E
   111 0001:0004645B   117 0001:00046460   118 0001:0004647F   119 0001:0004648C
   121 0001:00046499   122 0001:000464BB   124 0001:000464DC   125 0001:000464EE
   126 0001:00046522   132 0001:00046528   133 0001:0004652E   134 0001:0004653B
   136 0001:00046548   137 0001:0004655B   138 0001:0004656C   144 0001:00046570
   145 0001:00046576   146 0001:00046589   148 0001:00046596   149 0001:000465A5
   151 0001:000465B2   153 0001:000465BD   154 0001:000465D0   155 0001:000465E1
   160 0001:000465E8   161 0001:000465FD   162 0001:0004660D   163 0001:0004661D
   165 0001:0004662B   167 0001:0004662E   168 0001:00046650   171 0001:00046654
   172 0001:0004665F   174 0001:00046668   176 0001:00046674   177 0001:0004667C
   178 0001:00046684   179 0001:00046697   188 0001:0004669C   189 0001:000466B9
   192 0001:000466BE   193 0001:000466C4   194 0001:000466CA   198 0001:000466E4
   199 0001:000466F8   203 0001:000466FD   204 0001:00046708   205 0001:00046710
   207 0001:00046719   208 0001:00046725   209 0001:00046743   210 0001:00046747
   211 0001:0004675B   214 0001:0004675D   216 0001:0004676A   217 0001:0004676F
   218 0001:00046778   221 0001:0004677A   223 0001:00046785   224 0001:00046790
   225 0001:0004679B   227 0001:000467A4   228 0001:000467B8   229 0001:000467DF
   232 0001:000467E8   233 0001:000467EE   234 0001:000467F9   235 0001:00046803
   236 0001:0004680C   240 0001:00046810   241 0001:00046819   243 0001:0004684C
   243 0001:00046853

Line numbers for MainUnit(MainUnit.pas) segment .text

    57 0001:00048654    58 0001:00048656    59 0001:0004865A    61 0001:0004865D
    63 0001:0004865F   102 0001:00048660   103 0001:00048682   104 0001:00048696
   105 0001:000486A9   106 0001:000486CB   107 0001:000486E9   104 0001:000486EA
   108 0001:0004870A   128 0001:00048710   129 0001:00048733   130 0001:00048747
   131 0001:00048755   132 0001:0004875F   133 0001:0004876A   135 0001:0004878A
   137 0001:000487B7   139 0001:000487C0   151 0001:000487C8   152 0001:000487CB
   153 0001:000487D8   154 0001:000487E5   155 0001:000487F2   161 0001:000487F4
   162 0001:00048810   163 0001:00048826   165 0001:00048845   167 0001:00048854
   168 0001:00048862   169 0001:00048875   170 0001:0004888E   171 0001:000488DE
   174 0001:000488E4   175 0001:000488E8   176 0001:000488F7   178 0001:00048906
   179 0001:00048915   181 0001:00048924   183 0001:00048933   184 0001:00048942
   187 0001:00048951   188 0001:00048960   191 0001:00048964   192 0001:00048992
   193 0001:000489A2   194 0001:000489C3   195 0001:000489E4   196 0001:000489F2
   198 0001:00048A2E   199 0001:00048A30   200 0001:00048A74   204 0001:00048A80
   205 0001:00048A89   206 0001:00048A95   209 0001:00048A9C   210 0001:00048AAC
   211 0001:00048ABC   212 0001:00048ACC   213 0001:00048B0B   220 0001:00048B2C
   221 0001:00048B47   222 0001:00048B54   224 0001:00048B69   225 0001:00048B7D
   226 0001:00048B90   227 0001:00048B97   229 0001:00048B9F   230 0001:00048BA8
   231 0001:00048BDE   234 0001:00048BE0   235 0001:00048BED   236 0001:00048BFA
   237 0001:00048C29   246 0001:00048C58   247 0001:00048C76   248 0001:00048C83
   250 0001:00048C90   251 0001:00048C97   252 0001:00048CA4   253 0001:00048CD8
   254 0001:00048CDC   255 0001:00048D12   258 0001:00048D14   260 0001:00048D1F
   262 0001:00048D56   263 0001:00048D63   264 0001:00048D92   278 0001:00048DD8
   279 0001:00048DF1   280 0001:00048DFB   281 0001:00048E0E   282 0001:00048E5B
   283 0001:00048E65   284 0001:00048E69   285 0001:00048EA9   287 0001:00048EAB
   288 0001:00048EB4   289 0001:00048EDE   291 0001:00048F18   292 0001:00048F3D
   293 0001:00048F4D   295 0001:00048F5D   296 0001:00048F6E   298 0001:00048F75
   299 0001:00048F7E   298 0001:00048F91   302 0001:00048F9A   304 0001:00048FA9
   305 0001:00048FB4   307 0001:00048FF9   309 0001:00049002   310 0001:0004903C
   313 0001:0004904C   314 0001:0004904F   315 0001:0004905C   316 0001:00049068
   318 0001:0004906F   319 0001:0004907C   320 0001:00049089   321 0001:00049096
   322 0001:000490A3   324 0001:000490D8   324 0001:000490DF

Line numbers for UploadTestbed(O:\Dev\eNET\ETest\UploadTestbed\UploadTestbed.dpr) segment .text

    10 0001:00049270    11 0001:00049280    12 0001:0004928C    13 0001:000492A4
    14 0001:000492B0

Bound resource files

c:\program files\borland\delphi5\Lib\CONTROLS.RES
DetectUnit.dfm
MainUnit.DFM
UploadTestbed.RES
UploadTestbed.drf


Program entry point at 0001:00049270
